<?xml version="1.0" encoding="ISO-8859-1" ?>
<link_info>
   <banner>TMS320C2000 Linker PC v20.2.5.LTS</banner>
   <copyright>Copyright (c) 1996-2018 Texas Instruments Incorporated</copyright>
   <link_time>0x67cb61c3</link_time>
   <link_errors>0x0</link_errors>
   <output_file>3phInverter.out</output_file>
   <entry_point>
      <name>_c_int00</name>
      <address>0x12749</address>
   </entry_point>
   <input_file_list>
      <input_file id="fl-2">
         <path>.\</path>
         <kind>object</kind>
         <file>ABC_DQ0_NEG_F.obj</file>
         <name>ABC_DQ0_NEG_F.obj</name>
      </input_file>
      <input_file id="fl-3">
         <path>.\</path>
         <kind>object</kind>
         <file>ABC_DQ0_POS_F.obj</file>
         <name>ABC_DQ0_POS_F.obj</name>
      </input_file>
      <input_file id="fl-4">
         <path>.\</path>
         <kind>object</kind>
         <file>DQ0_ABC_F.obj</file>
         <name>DQ0_ABC_F.obj</name>
      </input_file>
      <input_file id="fl-5">
         <path>.\</path>
         <kind>object</kind>
         <file>F2837xD_Adc.obj</file>
         <name>F2837xD_Adc.obj</name>
      </input_file>
      <input_file id="fl-6">
         <path>.\</path>
         <kind>object</kind>
         <file>F2837xD_CodeStartBranch.obj</file>
         <name>F2837xD_CodeStartBranch.obj</name>
      </input_file>
      <input_file id="fl-7">
         <path>.\</path>
         <kind>object</kind>
         <file>F2837xD_CpuTimers.obj</file>
         <name>F2837xD_CpuTimers.obj</name>
      </input_file>
      <input_file id="fl-8">
         <path>.\</path>
         <kind>object</kind>
         <file>F2837xD_DefaultISR.obj</file>
         <name>F2837xD_DefaultISR.obj</name>
      </input_file>
      <input_file id="fl-9">
         <path>.\</path>
         <kind>object</kind>
         <file>F2837xD_EPwm.obj</file>
         <name>F2837xD_EPwm.obj</name>
      </input_file>
      <input_file id="fl-a">
         <path>.\</path>
         <kind>object</kind>
         <file>F2837xD_GlobalVariableDefs.obj</file>
         <name>F2837xD_GlobalVariableDefs.obj</name>
      </input_file>
      <input_file id="fl-b">
         <path>.\</path>
         <kind>object</kind>
         <file>F2837xD_Gpio.obj</file>
         <name>F2837xD_Gpio.obj</name>
      </input_file>
      <input_file id="fl-c">
         <path>.\</path>
         <kind>object</kind>
         <file>F2837xD_PieCtrl.obj</file>
         <name>F2837xD_PieCtrl.obj</name>
      </input_file>
      <input_file id="fl-d">
         <path>.\</path>
         <kind>object</kind>
         <file>F2837xD_PieVect.obj</file>
         <name>F2837xD_PieVect.obj</name>
      </input_file>
      <input_file id="fl-e">
         <path>.\</path>
         <kind>object</kind>
         <file>F2837xD_SysCtrl.obj</file>
         <name>F2837xD_SysCtrl.obj</name>
      </input_file>
      <input_file id="fl-f">
         <path>.\</path>
         <kind>object</kind>
         <file>F2837xD_usDelay.obj</file>
         <name>F2837xD_usDelay.obj</name>
      </input_file>
      <input_file id="fl-10">
         <path>.\</path>
         <kind>object</kind>
         <file>NOTCH_FLTR_F.obj</file>
         <name>NOTCH_FLTR_F.obj</name>
      </input_file>
      <input_file id="fl-11">
         <path>.\</path>
         <kind>object</kind>
         <file>PID_GRANDO_F.obj</file>
         <name>PID_GRANDO_F.obj</name>
      </input_file>
      <input_file id="fl-12">
         <path>.\</path>
         <kind>object</kind>
         <file>SPLL_1ph_SOGI_F.obj</file>
         <name>SPLL_1ph_SOGI_F.obj</name>
      </input_file>
      <input_file id="fl-13">
         <path>.\</path>
         <kind>object</kind>
         <file>SPLL_3PH_SRF_F.obj</file>
         <name>SPLL_3PH_SRF_F.obj</name>
      </input_file>
      <input_file id="fl-14">
         <path>.\</path>
         <kind>object</kind>
         <file>main.obj</file>
         <name>main.obj</name>
      </input_file>
      <input_file id="fl-15">
         <path>.\application\</path>
         <kind>object</kind>
         <file>Controles.obj</file>
         <name>Controles.obj</name>
      </input_file>
      <input_file id="fl-16">
         <path>.\application\</path>
         <kind>object</kind>
         <file>PI_REG1.obj</file>
         <name>PI_REG1.obj</name>
      </input_file>
      <input_file id="fl-17">
         <path>.\application\</path>
         <kind>object</kind>
         <file>filter.obj</file>
         <name>filter.obj</name>
      </input_file>
      <input_file id="fl-18">
         <path>.\application\</path>
         <kind>object</kind>
         <file>setup.obj</file>
         <name>setup.obj</name>
      </input_file>
      <input_file id="fl-19">
         <path>.\application\fis\</path>
         <kind>object</kind>
         <file>fis_EMS3inputs_fis.obj</file>
         <name>fis_EMS3inputs_fis.obj</name>
      </input_file>
      <input_file id="fl-1a">
         <path>.\application\fis\</path>
         <kind>object</kind>
         <file>qffmath.obj</file>
         <name>qffmath.obj</name>
      </input_file>
      <input_file id="fl-1b">
         <path>.\application\fis\</path>
         <kind>object</kind>
         <file>qfis.obj</file>
         <name>qfis.obj</name>
      </input_file>
      <input_file id="fl-20">
         <kind>object</kind>
         <file>&lt;internal&gt;</file>
         <name>&lt;internal&gt;</name>
      </input_file>
      <input_file id="fl-2c">
         <path>C:\ti\ccs1040\ccs\tools\compiler\ti-cgt-c2000_20.2.5.LTS\lib\</path>
         <kind>archive</kind>
         <file>rts2800_fpu32.lib</file>
         <name>boot28.asm.obj</name>
      </input_file>
      <input_file id="fl-2d">
         <path>C:\ti\ccs1040\ccs\tools\compiler\ti-cgt-c2000_20.2.5.LTS\lib\</path>
         <kind>archive</kind>
         <file>rts2800_fpu32.lib</file>
         <name>cpy_tbl.c.obj</name>
      </input_file>
      <input_file id="fl-2e">
         <path>C:\ti\ccs1040\ccs\tools\compiler\ti-cgt-c2000_20.2.5.LTS\lib\</path>
         <kind>archive</kind>
         <file>rts2800_fpu32.lib</file>
         <name>memcpy.c.obj</name>
      </input_file>
      <input_file id="fl-2f">
         <path>C:\ti\ccs1040\ccs\tools\compiler\ti-cgt-c2000_20.2.5.LTS\lib\</path>
         <kind>archive</kind>
         <file>rts2800_fpu32.lib</file>
         <name>pre_init.c.obj</name>
      </input_file>
      <input_file id="fl-30">
         <path>C:\ti\ccs1040\ccs\tools\compiler\ti-cgt-c2000_20.2.5.LTS\lib\</path>
         <kind>archive</kind>
         <file>rts2800_fpu32.lib</file>
         <name>startup.c.obj</name>
      </input_file>
      <input_file id="fl-31">
         <path>C:\ti\ccs1040\ccs\tools\compiler\ti-cgt-c2000_20.2.5.LTS\lib\</path>
         <kind>archive</kind>
         <file>rts2800_fpu32.lib</file>
         <name>exit.c.obj</name>
      </input_file>
      <input_file id="fl-32">
         <path>C:\ti\ccs1040\ccs\tools\compiler\ti-cgt-c2000_20.2.5.LTS\lib\</path>
         <kind>archive</kind>
         <file>rts2800_fpu32.lib</file>
         <name>_lock.c.obj</name>
      </input_file>
      <input_file id="fl-33">
         <path>C:\ti\ccs1040\ccs\tools\compiler\ti-cgt-c2000_20.2.5.LTS\lib\</path>
         <kind>archive</kind>
         <file>rts2800_fpu32.lib</file>
         <name>args_main.c.obj</name>
      </input_file>
   </input_file_list>
   <object_component_list>
      <object_component id="oc-a2">
         <name>codestart</name>
         <load_address>0x0</load_address>
         <run_address>0x0</run_address>
         <size>0x2</size>
         <input_file_ref idref="fl-6"/>
      </object_component>
      <object_component id="oc-1eb">
         <name>.text</name>
         <load_address>0xe000</load_address>
         <run_address>0xe000</run_address>
         <size>0x12e5</size>
         <input_file_ref idref="fl-1a"/>
      </object_component>
      <object_component id="oc-1d0">
         <name>.text</name>
         <load_address>0xf2e5</load_address>
         <run_address>0xf2e5</run_address>
         <size>0xfdb</size>
         <input_file_ref idref="fl-1b"/>
      </object_component>
      <object_component id="oc-1b7">
         <name>.text</name>
         <load_address>0x102c0</load_address>
         <run_address>0x102c0</run_address>
         <size>0xa24</size>
         <input_file_ref idref="fl-15"/>
      </object_component>
      <object_component id="oc-ae">
         <name>.text:retain</name>
         <load_address>0x10ce4</load_address>
         <run_address>0x10ce4</run_address>
         <size>0x585</size>
         <input_file_ref idref="fl-8"/>
      </object_component>
      <object_component id="oc-1c3">
         <name>.text</name>
         <load_address>0x11269</load_address>
         <run_address>0x11269</run_address>
         <size>0x4aa</size>
         <input_file_ref idref="fl-e"/>
      </object_component>
      <object_component id="oc-1c6">
         <name>.text</name>
         <load_address>0x11713</load_address>
         <run_address>0x11713</run_address>
         <size>0x409</size>
         <input_file_ref idref="fl-18"/>
      </object_component>
      <object_component id="oc-1be">
         <name>.text</name>
         <load_address>0x11b1c</load_address>
         <run_address>0x11b1c</run_address>
         <size>0x244</size>
         <input_file_ref idref="fl-b"/>
      </object_component>
      <object_component id="oc-1b9">
         <name>.text</name>
         <load_address>0x11d60</load_address>
         <run_address>0x11d60</run_address>
         <size>0x218</size>
         <input_file_ref idref="fl-14"/>
      </object_component>
      <object_component id="oc-155">
         <name>.text:retain</name>
         <load_address>0x11f78</load_address>
         <run_address>0x11f78</run_address>
         <size>0x177</size>
         <input_file_ref idref="fl-14"/>
      </object_component>
      <object_component id="oc-1b2">
         <name>.text</name>
         <load_address>0x120ef</load_address>
         <run_address>0x120ef</run_address>
         <size>0x175</size>
         <input_file_ref idref="fl-16"/>
      </object_component>
      <object_component id="oc-1c8">
         <name>.text</name>
         <load_address>0x12264</load_address>
         <run_address>0x12264</run_address>
         <size>0x15e</size>
         <input_file_ref idref="fl-19"/>
      </object_component>
      <object_component id="oc-1ce">
         <name>.text</name>
         <load_address>0x123c2</load_address>
         <run_address>0x123c2</run_address>
         <size>0xf0</size>
         <input_file_ref idref="fl-5"/>
      </object_component>
      <object_component id="oc-1bf">
         <name>.text</name>
         <load_address>0x124b2</load_address>
         <run_address>0x124b2</run_address>
         <size>0xcf</size>
         <input_file_ref idref="fl-13"/>
      </object_component>
      <object_component id="oc-1c1">
         <name>.text</name>
         <load_address>0x12581</load_address>
         <run_address>0x12581</run_address>
         <size>0xaa</size>
         <input_file_ref idref="fl-4"/>
      </object_component>
      <object_component id="oc-1c7">
         <name>.text</name>
         <load_address>0x1262b</load_address>
         <run_address>0x1262b</run_address>
         <size>0xa2</size>
         <input_file_ref idref="fl-3"/>
      </object_component>
      <object_component id="oc-1c0">
         <name>.text</name>
         <load_address>0x126cd</load_address>
         <run_address>0x126cd</run_address>
         <size>0x7c</size>
         <input_file_ref idref="fl-7"/>
      </object_component>
      <object_component id="oc-8c">
         <name>.text</name>
         <load_address>0x12749</load_address>
         <run_address>0x12749</run_address>
         <size>0x56</size>
         <input_file_ref idref="fl-2c"/>
      </object_component>
      <object_component id="oc-1b1">
         <name>.text</name>
         <load_address>0x1279f</load_address>
         <run_address>0x1279f</run_address>
         <size>0x29</size>
         <input_file_ref idref="fl-31"/>
      </object_component>
      <object_component id="oc-1c4">
         <name>.text</name>
         <load_address>0x127c8</load_address>
         <run_address>0x127c8</run_address>
         <size>0x28</size>
         <input_file_ref idref="fl-c"/>
      </object_component>
      <object_component id="oc-1c5">
         <name>.text</name>
         <load_address>0x127f0</load_address>
         <run_address>0x127f0</run_address>
         <size>0x26</size>
         <input_file_ref idref="fl-d"/>
      </object_component>
      <object_component id="oc-1ae">
         <name>.text</name>
         <load_address>0x12816</load_address>
         <run_address>0x12816</run_address>
         <size>0x24</size>
         <input_file_ref idref="fl-2d"/>
      </object_component>
      <object_component id="oc-1b8">
         <name>.text</name>
         <load_address>0x1283a</load_address>
         <run_address>0x1283a</run_address>
         <size>0x1d</size>
         <input_file_ref idref="fl-2e"/>
      </object_component>
      <object_component id="oc-1b0">
         <name>.text</name>
         <load_address>0x12857</load_address>
         <run_address>0x12857</run_address>
         <size>0x12</size>
         <input_file_ref idref="fl-33"/>
      </object_component>
      <object_component id="oc-1cb">
         <name>.text</name>
         <load_address>0x12869</load_address>
         <run_address>0x12869</run_address>
         <size>0x9</size>
         <input_file_ref idref="fl-32"/>
      </object_component>
      <object_component id="oc-a1">
         <name>.text</name>
         <load_address>0x12872</load_address>
         <run_address>0x12872</run_address>
         <size>0x8</size>
         <input_file_ref idref="fl-6"/>
      </object_component>
      <object_component id="oc-1ad">
         <name>.text</name>
         <load_address>0x1287a</load_address>
         <run_address>0x1287a</run_address>
         <size>0x2</size>
         <input_file_ref idref="fl-2f"/>
      </object_component>
      <object_component id="oc-1af">
         <name>.text</name>
         <load_address>0x1287c</load_address>
         <run_address>0x1287c</run_address>
         <size>0x1</size>
         <input_file_ref idref="fl-30"/>
      </object_component>
      <object_component id="oc-153">
         <name>.cinit</name>
         <load_address>0x123</load_address>
         <run_address>0x123</run_address>
         <size>0x1c1</size>
         <input_file_ref idref="fl-14"/>
      </object_component>
      <object_component id="oc-15b">
         <name>.cinit</name>
         <load_address>0x2e4</load_address>
         <run_address>0x2e4</run_address>
         <size>0xcd</size>
         <input_file_ref idref="fl-15"/>
      </object_component>
      <object_component id="oc-19d">
         <name>.cinit</name>
         <load_address>0x3b1</load_address>
         <run_address>0x3b1</run_address>
         <size>0xe</size>
         <input_file_ref idref="fl-31"/>
      </object_component>
      <object_component id="oc-1b5">
         <name>.cinit:_Vcc</name>
         <load_address>0x3bf</load_address>
         <run_address>0x3bf</run_address>
         <size>0x7</size>
         <input_file_ref idref="fl-14"/>
      </object_component>
      <object_component id="oc-1ef">
         <name>.cinit:_f_ab$2</name>
         <load_address>0x3c6</load_address>
         <run_address>0x3c6</run_address>
         <size>0x7</size>
         <input_file_ref idref="fl-1a"/>
      </object_component>
      <object_component id="oc-1bb">
         <name>.cinit:__lock</name>
         <load_address>0x3cd</load_address>
         <run_address>0x3cd</run_address>
         <size>0x5</size>
         <input_file_ref idref="fl-32"/>
      </object_component>
      <object_component id="oc-1cc">
         <name>.cinit:__unlock</name>
         <load_address>0x3d2</load_address>
         <run_address>0x3d2</run_address>
         <size>0x5</size>
         <input_file_ref idref="fl-32"/>
      </object_component>
      <object_component id="oc-1e6">
         <name>.cinit:_rStrength</name>
         <load_address>0x3d7</load_address>
         <run_address>0x3d7</run_address>
         <size>0x5</size>
         <input_file_ref idref="fl-19"/>
      </object_component>
      <object_component id="oc-1bd">
         <name>.cinit:_PowerVec</name>
         <load_address>0x3dc</load_address>
         <run_address>0x3dc</run_address>
         <size>0x4</size>
         <input_file_ref idref="fl-15"/>
      </object_component>
      <object_component id="oc-177">
         <name>.cinit</name>
         <load_address>0x3e0</load_address>
         <run_address>0x3e0</run_address>
         <size>0x4</size>
         <input_file_ref idref="fl-1a"/>
      </object_component>
      <object_component id="oc-183">
         <name>.reset</name>
         <load_address>0x3fffc0</load_address>
         <run_address>0x3fffc0</run_address>
         <size>0x2</size>
         <input_file_ref idref="fl-2c"/>
      </object_component>
      <object_component id="oc-182">
         <name>.stack</name>
         <uninitialized>true</uninitialized>
         <run_address>0x400</run_address>
         <size>0x0</size>
         <input_file_ref idref="fl-2c"/>
      </object_component>
      <object_component id="oc-284">
         <name>.stack</name>
         <uninitialized>true</uninitialized>
         <run_address>0x400</run_address>
         <size>0x0</size>
      </object_component>
      <object_component id="oc-1df">
         <name>.ebss:_MFout</name>
         <uninitialized>true</uninitialized>
         <run_address>0x17482</run_address>
         <size>0x32</size>
         <input_file_ref idref="fl-19"/>
      </object_component>
      <object_component id="oc-1b6">
         <name>.ebss:_i_pcc</name>
         <uninitialized>true</uninitialized>
         <run_address>0x174b4</run_address>
         <size>0x6</size>
         <input_file_ref idref="fl-14"/>
      </object_component>
      <object_component id="oc-1b3">
         <name>.ebss:_v_pcc</name>
         <uninitialized>true</uninitialized>
         <run_address>0x174ba</run_address>
         <size>0x6</size>
         <input_file_ref idref="fl-14"/>
      </object_component>
      <object_component id="oc-1c2">
         <name>.ebss:_plot</name>
         <uninitialized>true</uninitialized>
         <run_address>0x174c0</run_address>
         <size>0x7d0</size>
         <input_file_ref idref="fl-15"/>
      </object_component>
      <object_component id="oc-171">
         <name>.ebss</name>
         <uninitialized>true</uninitialized>
         <run_address>0x17c90</run_address>
         <size>0x30</size>
         <input_file_ref idref="fl-19"/>
      </object_component>
      <object_component id="oc-154">
         <name>.ebss</name>
         <uninitialized>true</uninitialized>
         <run_address>0x17cc0</run_address>
         <size>0x26c</size>
         <input_file_ref idref="fl-14"/>
      </object_component>
      <object_component id="oc-1cf">
         <name>.ebss:_fis_EMS3inputs_inputs</name>
         <uninitialized>true</uninitialized>
         <run_address>0x17f2c</run_address>
         <size>0x12</size>
         <input_file_ref idref="fl-19"/>
      </object_component>
      <object_component id="oc-1ba">
         <name>.ebss:__lock</name>
         <uninitialized>true</uninitialized>
         <run_address>0x17f3e</run_address>
         <size>0x2</size>
         <input_file_ref idref="fl-32"/>
      </object_component>
      <object_component id="oc-1d3">
         <name>.ebss:_MFin</name>
         <uninitialized>true</uninitialized>
         <run_address>0x17f40</run_address>
         <size>0x6e</size>
         <input_file_ref idref="fl-19"/>
      </object_component>
      <object_component id="oc-19e">
         <name>.ebss</name>
         <uninitialized>true</uninitialized>
         <run_address>0x17fae</run_address>
         <size>0x6</size>
         <input_file_ref idref="fl-31"/>
      </object_component>
      <object_component id="oc-1b4">
         <name>.ebss:_Vcc</name>
         <uninitialized>true</uninitialized>
         <run_address>0x17fb4</run_address>
         <size>0x4</size>
         <input_file_ref idref="fl-14"/>
      </object_component>
      <object_component id="oc-1ee">
         <name>.ebss:_f_ab$2</name>
         <uninitialized>true</uninitialized>
         <run_address>0x17fb8</run_address>
         <size>0x4</size>
         <input_file_ref idref="fl-1a"/>
      </object_component>
      <object_component id="oc-1e7">
         <name>.ebss:__unlock</name>
         <uninitialized>true</uninitialized>
         <run_address>0x17fbc</run_address>
         <size>0x2</size>
         <input_file_ref idref="fl-32"/>
      </object_component>
      <object_component id="oc-1ca">
         <name>.ebss:_buffer_tx</name>
         <uninitialized>true</uninitialized>
         <run_address>0x17fbe</run_address>
         <size>0x2</size>
         <input_file_ref idref="fl-14"/>
      </object_component>
      <object_component id="oc-1d1">
         <name>.ebss:_fis_EMS3inputs_outputs</name>
         <uninitialized>true</uninitialized>
         <run_address>0x17fc0</run_address>
         <size>0x1a</size>
         <input_file_ref idref="fl-19"/>
      </object_component>
      <object_component id="oc-a8">
         <name>.ebss</name>
         <uninitialized>true</uninitialized>
         <run_address>0x17fda</run_address>
         <size>0x18</size>
         <input_file_ref idref="fl-7"/>
      </object_component>
      <object_component id="oc-178">
         <name>.ebss</name>
         <uninitialized>true</uninitialized>
         <run_address>0x17ff2</run_address>
         <size>0x1</size>
         <input_file_ref idref="fl-1a"/>
      </object_component>
      <object_component id="oc-1c9">
         <name>.ebss:_FIS_plot</name>
         <uninitialized>true</uninitialized>
         <run_address>0x18000</run_address>
         <size>0x578</size>
         <input_file_ref idref="fl-14"/>
      </object_component>
      <object_component id="oc-1bc">
         <name>.ebss:_PowerVec</name>
         <uninitialized>true</uninitialized>
         <run_address>0x18580</run_address>
         <size>0x4b0</size>
         <input_file_ref idref="fl-15"/>
      </object_component>
      <object_component id="oc-1e5">
         <name>.ebss:_rStrength</name>
         <uninitialized>true</uninitialized>
         <run_address>0x18a40</run_address>
         <size>0x52</size>
         <input_file_ref idref="fl-19"/>
      </object_component>
      <object_component id="oc-15c">
         <name>.ebss</name>
         <uninitialized>true</uninitialized>
         <run_address>0x18ac0</run_address>
         <size>0x50</size>
         <input_file_ref idref="fl-15"/>
      </object_component>
      <object_component id="oc-1cd">
         <name>.econst:_PieVectTableInit</name>
         <load_address>0x17000</load_address>
         <run_address>0x17000</run_address>
         <size>0x1c0</size>
         <input_file_ref idref="fl-d"/>
      </object_component>
      <object_component id="oc-1e4">
         <name>.econst:_rules</name>
         <load_address>0x171c0</load_address>
         <run_address>0x171c0</run_address>
         <size>0x1bf</size>
         <input_file_ref idref="fl-19"/>
      </object_component>
      <object_component id="oc-1f2">
         <name>.econst:_ft$5</name>
         <load_address>0x17380</load_address>
         <run_address>0x17380</run_address>
         <size>0x46</size>
         <input_file_ref idref="fl-1a"/>
      </object_component>
      <object_component id="oc-1ea">
         <name>.econst:_fShape$3</name>
         <load_address>0x173c6</load_address>
         <run_address>0x173c6</run_address>
         <size>0x36</size>
         <input_file_ref idref="fl-1b"/>
      </object_component>
      <object_component id="oc-1e9">
         <name>.econst:_method$2</name>
         <load_address>0x173fc</load_address>
         <run_address>0x173fc</run_address>
         <size>0xe</size>
         <input_file_ref idref="fl-1b"/>
      </object_component>
      <object_component id="oc-1e8">
         <name>.econst:_method$1</name>
         <load_address>0x1740a</load_address>
         <run_address>0x1740a</run_address>
         <size>0xa</size>
         <input_file_ref idref="fl-1b"/>
      </object_component>
      <object_component id="oc-1e2">
         <name>.econst:_P_ref_command_charge_Bat_p</name>
         <load_address>0x17414</load_address>
         <run_address>0x17414</run_address>
         <size>0x8</size>
         <input_file_ref idref="fl-19"/>
      </object_component>
      <object_component id="oc-1de">
         <name>.econst:_P_ref_command_charge_SC_p</name>
         <load_address>0x1741c</load_address>
         <run_address>0x1741c</run_address>
         <size>0x8</size>
         <input_file_ref idref="fl-19"/>
      </object_component>
      <object_component id="oc-1e3">
         <name>.econst:_P_ref_command_discharge_Bat_p</name>
         <load_address>0x17424</load_address>
         <run_address>0x17424</run_address>
         <size>0x8</size>
         <input_file_ref idref="fl-19"/>
      </object_component>
      <object_component id="oc-1e0">
         <name>.econst:_P_ref_command_discharge_SC_p</name>
         <load_address>0x1742c</load_address>
         <run_address>0x1742c</run_address>
         <size>0x8</size>
         <input_file_ref idref="fl-19"/>
      </object_component>
      <object_component id="oc-1f1">
         <name>.econst:_$P$T0$4</name>
         <load_address>0x17434</load_address>
         <run_address>0x17434</run_address>
         <size>0x6</size>
         <input_file_ref idref="fl-1a"/>
      </object_component>
      <object_component id="oc-1ec">
         <name>.econst:_$P$T0$4</name>
         <load_address>0x1743a</load_address>
         <run_address>0x1743a</run_address>
         <size>0x6</size>
         <input_file_ref idref="fl-1b"/>
      </object_component>
      <object_component id="oc-1ed">
         <name>.econst:_$P$T1$5</name>
         <load_address>0x17440</load_address>
         <run_address>0x17440</run_address>
         <size>0x6</size>
         <input_file_ref idref="fl-1b"/>
      </object_component>
      <object_component id="oc-1e1">
         <name>.econst:_P_ref_command_off_p</name>
         <load_address>0x17446</load_address>
         <run_address>0x17446</run_address>
         <size>0x6</size>
         <input_file_ref idref="fl-19"/>
      </object_component>
      <object_component id="oc-1d9">
         <name>.econst:_SoC_medium_p</name>
         <load_address>0x1744c</load_address>
         <run_address>0x1744c</run_address>
         <size>0x6</size>
         <input_file_ref idref="fl-19"/>
      </object_component>
      <object_component id="oc-1dc">
         <name>.econst:_V_sc_medium_p</name>
         <load_address>0x17452</load_address>
         <run_address>0x17452</run_address>
         <size>0x6</size>
         <input_file_ref idref="fl-19"/>
      </object_component>
      <object_component id="oc-1d7">
         <name>.econst:_power_reference_Balanced_p</name>
         <load_address>0x17458</load_address>
         <run_address>0x17458</run_address>
         <size>0x6</size>
         <input_file_ref idref="fl-19"/>
      </object_component>
      <object_component id="oc-1da">
         <name>.econst:_SoC_high_p</name>
         <load_address>0x1745e</load_address>
         <run_address>0x1745e</run_address>
         <size>0x4</size>
         <input_file_ref idref="fl-19"/>
      </object_component>
      <object_component id="oc-1d8">
         <name>.econst:_SoC_low_p</name>
         <load_address>0x17462</load_address>
         <run_address>0x17462</run_address>
         <size>0x4</size>
         <input_file_ref idref="fl-19"/>
      </object_component>
      <object_component id="oc-1dd">
         <name>.econst:_V_sc_high_p</name>
         <load_address>0x17466</load_address>
         <run_address>0x17466</run_address>
         <size>0x4</size>
         <input_file_ref idref="fl-19"/>
      </object_component>
      <object_component id="oc-1db">
         <name>.econst:_V_sc_low_p</name>
         <load_address>0x1746a</load_address>
         <run_address>0x1746a</run_address>
         <size>0x4</size>
         <input_file_ref idref="fl-19"/>
      </object_component>
      <object_component id="oc-1d4">
         <name>.econst:_power_reference_Low_Deficit_p</name>
         <load_address>0x1746e</load_address>
         <run_address>0x1746e</run_address>
         <size>0x4</size>
         <input_file_ref idref="fl-19"/>
      </object_component>
      <object_component id="oc-1d5">
         <name>.econst:_power_reference_Low_Surplus_p</name>
         <load_address>0x17472</load_address>
         <run_address>0x17472</run_address>
         <size>0x4</size>
         <input_file_ref idref="fl-19"/>
      </object_component>
      <object_component id="oc-1d2">
         <name>.econst:_power_reference_Med_Deficit_p</name>
         <load_address>0x17476</load_address>
         <run_address>0x17476</run_address>
         <size>0x4</size>
         <input_file_ref idref="fl-19"/>
      </object_component>
      <object_component id="oc-1d6">
         <name>.econst:_power_reference_Med_Surplus_p</name>
         <load_address>0x1747a</load_address>
         <run_address>0x1747a</run_address>
         <size>0x4</size>
         <input_file_ref idref="fl-19"/>
      </object_component>
      <object_component id="oc-1f0">
         <name>.econst:_u_ab$1</name>
         <load_address>0x1747e</load_address>
         <run_address>0x1747e</run_address>
         <size>0x4</size>
         <input_file_ref idref="fl-1a"/>
      </object_component>
      <object_component id="oc-139">
         <name>.TI.ramfunc</name>
         <load_address>0x3e6</load_address>
         <run_address>0x3e6</run_address>
         <size>0x4</size>
         <input_file_ref idref="fl-f"/>
      </object_component>
      <object_component id="oc-123">
         <name>PieVectTableFile</name>
         <uninitialized>true</uninitialized>
         <run_address>0xd00</run_address>
         <size>0x1c0</size>
         <input_file_ref idref="fl-a"/>
      </object_component>
      <object_component id="oc-f3">
         <name>AccessProtectionRegsFile</name>
         <uninitialized>true</uninitialized>
         <run_address>0x5f4c0</run_address>
         <size>0x2e</size>
         <input_file_ref idref="fl-a"/>
      </object_component>
      <object_component id="oc-108">
         <name>AdcaRegsFile</name>
         <uninitialized>true</uninitialized>
         <run_address>0x7400</run_address>
         <size>0x7c</size>
         <input_file_ref idref="fl-a"/>
      </object_component>
      <object_component id="oc-109">
         <name>AdcbRegsFile</name>
         <uninitialized>true</uninitialized>
         <run_address>0x7480</run_address>
         <size>0x7c</size>
         <input_file_ref idref="fl-a"/>
      </object_component>
      <object_component id="oc-10a">
         <name>AdccRegsFile</name>
         <uninitialized>true</uninitialized>
         <run_address>0x7500</run_address>
         <size>0x7c</size>
         <input_file_ref idref="fl-a"/>
      </object_component>
      <object_component id="oc-10b">
         <name>AdcdRegsFile</name>
         <uninitialized>true</uninitialized>
         <run_address>0x7580</run_address>
         <size>0x7c</size>
         <input_file_ref idref="fl-a"/>
      </object_component>
      <object_component id="oc-d0">
         <name>AdcaResultRegsFile</name>
         <uninitialized>true</uninitialized>
         <run_address>0xb00</run_address>
         <size>0x18</size>
         <input_file_ref idref="fl-a"/>
      </object_component>
      <object_component id="oc-d1">
         <name>AdcbResultRegsFile</name>
         <uninitialized>true</uninitialized>
         <run_address>0xb20</run_address>
         <size>0x18</size>
         <input_file_ref idref="fl-a"/>
      </object_component>
      <object_component id="oc-d2">
         <name>AdccResultRegsFile</name>
         <uninitialized>true</uninitialized>
         <run_address>0xb40</run_address>
         <size>0x18</size>
         <input_file_ref idref="fl-a"/>
      </object_component>
      <object_component id="oc-d3">
         <name>AdcdResultRegsFile</name>
         <uninitialized>true</uninitialized>
         <run_address>0xb60</run_address>
         <size>0x18</size>
         <input_file_ref idref="fl-a"/>
      </object_component>
      <object_component id="oc-f7">
         <name>AnalogSubsysRegsFile</name>
         <uninitialized>true</uninitialized>
         <run_address>0x5d180</run_address>
         <size>0x3e</size>
         <input_file_ref idref="fl-a"/>
      </object_component>
      <object_component id="oc-11f">
         <name>CanaRegsFile</name>
         <uninitialized>true</uninitialized>
         <run_address>0x48000</run_address>
         <size>0x164</size>
         <input_file_ref idref="fl-a"/>
      </object_component>
      <object_component id="oc-120">
         <name>CanbRegsFile</name>
         <uninitialized>true</uninitialized>
         <run_address>0x4a000</run_address>
         <size>0x164</size>
         <input_file_ref idref="fl-a"/>
      </object_component>
      <object_component id="oc-f8">
         <name>Cla1RegsFile</name>
         <uninitialized>true</uninitialized>
         <run_address>0x1400</run_address>
         <size>0x3e</size>
         <input_file_ref idref="fl-a"/>
      </object_component>
      <object_component id="oc-11a">
         <name>Clb1DataExchRegsFile</name>
         <uninitialized>true</uninitialized>
         <run_address>0x3200</run_address>
         <size>0x108</size>
         <input_file_ref idref="fl-a"/>
      </object_component>
      <object_component id="oc-11b">
         <name>Clb2DataExchRegsFile</name>
         <uninitialized>true</uninitialized>
         <run_address>0x3600</run_address>
         <size>0x108</size>
         <input_file_ref idref="fl-a"/>
      </object_component>
      <object_component id="oc-11c">
         <name>Clb3DataExchRegsFile</name>
         <uninitialized>true</uninitialized>
         <run_address>0x3a00</run_address>
         <size>0x108</size>
         <input_file_ref idref="fl-a"/>
      </object_component>
      <object_component id="oc-11d">
         <name>Clb4DataExchRegsFile</name>
         <uninitialized>true</uninitialized>
         <run_address>0x3e00</run_address>
         <size>0x108</size>
         <input_file_ref idref="fl-a"/>
      </object_component>
      <object_component id="oc-f9">
         <name>Clb1LogicCfgRegsFile</name>
         <uninitialized>true</uninitialized>
         <run_address>0x3000</run_address>
         <size>0x3e</size>
         <input_file_ref idref="fl-a"/>
      </object_component>
      <object_component id="oc-fa">
         <name>Clb2LogicCfgRegsFile</name>
         <uninitialized>true</uninitialized>
         <run_address>0x3400</run_address>
         <size>0x3e</size>
         <input_file_ref idref="fl-a"/>
      </object_component>
      <object_component id="oc-fb">
         <name>Clb3LogicCfgRegsFile</name>
         <uninitialized>true</uninitialized>
         <run_address>0x3800</run_address>
         <size>0x3e</size>
         <input_file_ref idref="fl-a"/>
      </object_component>
      <object_component id="oc-fc">
         <name>Clb4LogicCfgRegsFile</name>
         <uninitialized>true</uninitialized>
         <run_address>0x3c00</run_address>
         <size>0x3e</size>
         <input_file_ref idref="fl-a"/>
      </object_component>
      <object_component id="oc-fd">
         <name>Clb1LogicCtrlRegsFile</name>
         <uninitialized>true</uninitialized>
         <run_address>0x3100</run_address>
         <size>0x40</size>
         <input_file_ref idref="fl-a"/>
      </object_component>
      <object_component id="oc-fe">
         <name>Clb2LogicCtrlRegsFile</name>
         <uninitialized>true</uninitialized>
         <run_address>0x3500</run_address>
         <size>0x40</size>
         <input_file_ref idref="fl-a"/>
      </object_component>
      <object_component id="oc-ff">
         <name>Clb3LogicCtrlRegsFile</name>
         <uninitialized>true</uninitialized>
         <run_address>0x3900</run_address>
         <size>0x40</size>
         <input_file_ref idref="fl-a"/>
      </object_component>
      <object_component id="oc-100">
         <name>Clb4LogicCtrlRegsFile</name>
         <uninitialized>true</uninitialized>
         <run_address>0x3d00</run_address>
         <size>0x40</size>
         <input_file_ref idref="fl-a"/>
      </object_component>
      <object_component id="oc-101">
         <name>ClbXbarRegsFile</name>
         <uninitialized>true</uninitialized>
         <run_address>0x7a40</run_address>
         <size>0x40</size>
         <input_file_ref idref="fl-a"/>
      </object_component>
      <object_component id="oc-f5">
         <name>ClkCfgRegsFile</name>
         <uninitialized>true</uninitialized>
         <run_address>0x5d200</run_address>
         <size>0x32</size>
         <input_file_ref idref="fl-a"/>
      </object_component>
      <object_component id="oc-dc">
         <name>Cmpss1RegsFile</name>
         <uninitialized>true</uninitialized>
         <run_address>0x5c80</run_address>
         <size>0x1b</size>
         <input_file_ref idref="fl-a"/>
      </object_component>
      <object_component id="oc-dd">
         <name>Cmpss2RegsFile</name>
         <uninitialized>true</uninitialized>
         <run_address>0x5ca0</run_address>
         <size>0x1b</size>
         <input_file_ref idref="fl-a"/>
      </object_component>
      <object_component id="oc-de">
         <name>Cmpss3RegsFile</name>
         <uninitialized>true</uninitialized>
         <run_address>0x5cc0</run_address>
         <size>0x1b</size>
         <input_file_ref idref="fl-a"/>
      </object_component>
      <object_component id="oc-df">
         <name>Cmpss4RegsFile</name>
         <uninitialized>true</uninitialized>
         <run_address>0x5ce0</run_address>
         <size>0x1b</size>
         <input_file_ref idref="fl-a"/>
      </object_component>
      <object_component id="oc-e0">
         <name>Cmpss5RegsFile</name>
         <uninitialized>true</uninitialized>
         <run_address>0x5d00</run_address>
         <size>0x1b</size>
         <input_file_ref idref="fl-a"/>
      </object_component>
      <object_component id="oc-e1">
         <name>Cmpss6RegsFile</name>
         <uninitialized>true</uninitialized>
         <run_address>0x5d20</run_address>
         <size>0x1b</size>
         <input_file_ref idref="fl-a"/>
      </object_component>
      <object_component id="oc-e2">
         <name>Cmpss7RegsFile</name>
         <uninitialized>true</uninitialized>
         <run_address>0x5d40</run_address>
         <size>0x1b</size>
         <input_file_ref idref="fl-a"/>
      </object_component>
      <object_component id="oc-e3">
         <name>Cmpss8RegsFile</name>
         <uninitialized>true</uninitialized>
         <run_address>0x5d60</run_address>
         <size>0x1b</size>
         <input_file_ref idref="fl-a"/>
      </object_component>
      <object_component id="oc-c2">
         <name>CpuTimer0RegsFile</name>
         <uninitialized>true</uninitialized>
         <run_address>0xc00</run_address>
         <size>0x8</size>
         <input_file_ref idref="fl-a"/>
      </object_component>
      <object_component id="oc-c3">
         <name>CpuTimer1RegsFile</name>
         <uninitialized>true</uninitialized>
         <run_address>0xc08</run_address>
         <size>0x8</size>
         <input_file_ref idref="fl-a"/>
      </object_component>
      <object_component id="oc-c4">
         <name>CpuTimer2RegsFile</name>
         <uninitialized>true</uninitialized>
         <run_address>0xc10</run_address>
         <size>0x8</size>
         <input_file_ref idref="fl-a"/>
      </object_component>
      <object_component id="oc-10c">
         <name>CpuSysRegsFile</name>
         <uninitialized>true</uninitialized>
         <run_address>0x5d300</run_address>
         <size>0x82</size>
         <input_file_ref idref="fl-a"/>
      </object_component>
      <object_component id="oc-be">
         <name>DacaRegsFile</name>
         <uninitialized>true</uninitialized>
         <run_address>0x5c00</run_address>
         <size>0x7</size>
         <input_file_ref idref="fl-a"/>
      </object_component>
      <object_component id="oc-bf">
         <name>DacbRegsFile</name>
         <uninitialized>true</uninitialized>
         <run_address>0x5c10</run_address>
         <size>0x7</size>
         <input_file_ref idref="fl-a"/>
      </object_component>
      <object_component id="oc-c0">
         <name>DaccRegsFile</name>
         <uninitialized>true</uninitialized>
         <run_address>0x5c20</run_address>
         <size>0x7</size>
         <input_file_ref idref="fl-a"/>
      </object_component>
      <object_component id="oc-bc">
         <name>DcsmCommonRegsFile</name>
         <uninitialized>true</uninitialized>
         <run_address>0x5f070</run_address>
         <size>0x6</size>
         <input_file_ref idref="fl-a"/>
      </object_component>
      <object_component id="oc-e5">
         <name>DcsmZ1RegsFile</name>
         <uninitialized>true</uninitialized>
         <run_address>0x5f000</run_address>
         <size>0x22</size>
         <input_file_ref idref="fl-a"/>
      </object_component>
      <object_component id="oc-e6">
         <name>DcsmZ2RegsFile</name>
         <uninitialized>true</uninitialized>
         <run_address>0x5f040</run_address>
         <size>0x22</size>
         <input_file_ref idref="fl-a"/>
      </object_component>
      <object_component id="oc-11e">
         <name>DevCfgRegsFile</name>
         <uninitialized>true</uninitialized>
         <run_address>0x5d000</run_address>
         <size>0x12e</size>
         <input_file_ref idref="fl-a"/>
      </object_component>
      <object_component id="oc-d4">
         <name>DmaClaSrcSelRegsFile</name>
         <uninitialized>true</uninitialized>
         <run_address>0x7980</run_address>
         <size>0x1a</size>
         <input_file_ref idref="fl-a"/>
      </object_component>
      <object_component id="oc-10d">
         <name>DmaRegsFile</name>
         <uninitialized>true</uninitialized>
         <run_address>0x1000</run_address>
         <size>0xe0</size>
         <input_file_ref idref="fl-a"/>
      </object_component>
      <object_component id="oc-d5">
         <name>ECap1RegsFile</name>
         <uninitialized>true</uninitialized>
         <run_address>0x5000</run_address>
         <size>0x1a</size>
         <input_file_ref idref="fl-a"/>
      </object_component>
      <object_component id="oc-d6">
         <name>ECap2RegsFile</name>
         <uninitialized>true</uninitialized>
         <run_address>0x5020</run_address>
         <size>0x1a</size>
         <input_file_ref idref="fl-a"/>
      </object_component>
      <object_component id="oc-d7">
         <name>ECap3RegsFile</name>
         <uninitialized>true</uninitialized>
         <run_address>0x5040</run_address>
         <size>0x1a</size>
         <input_file_ref idref="fl-a"/>
      </object_component>
      <object_component id="oc-d8">
         <name>ECap4RegsFile</name>
         <uninitialized>true</uninitialized>
         <run_address>0x5060</run_address>
         <size>0x1a</size>
         <input_file_ref idref="fl-a"/>
      </object_component>
      <object_component id="oc-d9">
         <name>ECap5RegsFile</name>
         <uninitialized>true</uninitialized>
         <run_address>0x5080</run_address>
         <size>0x1a</size>
         <input_file_ref idref="fl-a"/>
      </object_component>
      <object_component id="oc-da">
         <name>ECap6RegsFile</name>
         <uninitialized>true</uninitialized>
         <run_address>0x50a0</run_address>
         <size>0x1a</size>
         <input_file_ref idref="fl-a"/>
      </object_component>
      <object_component id="oc-c5">
         <name>Emif1ConfigRegsFile</name>
         <uninitialized>true</uninitialized>
         <run_address>0x5f480</run_address>
         <size>0xa</size>
         <input_file_ref idref="fl-a"/>
      </object_component>
      <object_component id="oc-c6">
         <name>Emif2ConfigRegsFile</name>
         <uninitialized>true</uninitialized>
         <run_address>0x5f4a0</run_address>
         <size>0xa</size>
         <input_file_ref idref="fl-a"/>
      </object_component>
      <object_component id="oc-ef">
         <name>Emif1RegsFile</name>
         <uninitialized>true</uninitialized>
         <run_address>0x47000</run_address>
         <size>0x28</size>
         <input_file_ref idref="fl-a"/>
      </object_component>
      <object_component id="oc-f0">
         <name>Emif2RegsFile</name>
         <uninitialized>true</uninitialized>
         <run_address>0x47800</run_address>
         <size>0x28</size>
         <input_file_ref idref="fl-a"/>
      </object_component>
      <object_component id="oc-10e">
         <name>EPwm1RegsFile</name>
         <uninitialized>true</uninitialized>
         <run_address>0x4000</run_address>
         <size>0x100</size>
         <input_file_ref idref="fl-a"/>
      </object_component>
      <object_component id="oc-10f">
         <name>EPwm2RegsFile</name>
         <uninitialized>true</uninitialized>
         <run_address>0x4100</run_address>
         <size>0x100</size>
         <input_file_ref idref="fl-a"/>
      </object_component>
      <object_component id="oc-110">
         <name>EPwm3RegsFile</name>
         <uninitialized>true</uninitialized>
         <run_address>0x4200</run_address>
         <size>0x100</size>
         <input_file_ref idref="fl-a"/>
      </object_component>
      <object_component id="oc-111">
         <name>EPwm4RegsFile</name>
         <uninitialized>true</uninitialized>
         <run_address>0x4300</run_address>
         <size>0x100</size>
         <input_file_ref idref="fl-a"/>
      </object_component>
      <object_component id="oc-112">
         <name>EPwm5RegsFile</name>
         <uninitialized>true</uninitialized>
         <run_address>0x4400</run_address>
         <size>0x100</size>
         <input_file_ref idref="fl-a"/>
      </object_component>
      <object_component id="oc-113">
         <name>EPwm6RegsFile</name>
         <uninitialized>true</uninitialized>
         <run_address>0x4500</run_address>
         <size>0x100</size>
         <input_file_ref idref="fl-a"/>
      </object_component>
      <object_component id="oc-114">
         <name>EPwm7RegsFile</name>
         <uninitialized>true</uninitialized>
         <run_address>0x4600</run_address>
         <size>0x100</size>
         <input_file_ref idref="fl-a"/>
      </object_component>
      <object_component id="oc-115">
         <name>EPwm8RegsFile</name>
         <uninitialized>true</uninitialized>
         <run_address>0x4700</run_address>
         <size>0x100</size>
         <input_file_ref idref="fl-a"/>
      </object_component>
      <object_component id="oc-116">
         <name>EPwm9RegsFile</name>
         <uninitialized>true</uninitialized>
         <run_address>0x4800</run_address>
         <size>0x100</size>
         <input_file_ref idref="fl-a"/>
      </object_component>
      <object_component id="oc-117">
         <name>EPwm10RegsFile</name>
         <uninitialized>true</uninitialized>
         <run_address>0x4900</run_address>
         <size>0x100</size>
         <input_file_ref idref="fl-a"/>
      </object_component>
      <object_component id="oc-118">
         <name>EPwm11RegsFile</name>
         <uninitialized>true</uninitialized>
         <run_address>0x4a00</run_address>
         <size>0x100</size>
         <input_file_ref idref="fl-a"/>
      </object_component>
      <object_component id="oc-119">
         <name>EPwm12RegsFile</name>
         <uninitialized>true</uninitialized>
         <run_address>0x4b00</run_address>
         <size>0x100</size>
         <input_file_ref idref="fl-a"/>
      </object_component>
      <object_component id="oc-102">
         <name>EPwmXbarRegsFile</name>
         <uninitialized>true</uninitialized>
         <run_address>0x7a00</run_address>
         <size>0x40</size>
         <input_file_ref idref="fl-a"/>
      </object_component>
      <object_component id="oc-e7">
         <name>EQep1RegsFile</name>
         <uninitialized>true</uninitialized>
         <run_address>0x5100</run_address>
         <size>0x22</size>
         <input_file_ref idref="fl-a"/>
      </object_component>
      <object_component id="oc-e8">
         <name>EQep2RegsFile</name>
         <uninitialized>true</uninitialized>
         <run_address>0x5140</run_address>
         <size>0x22</size>
         <input_file_ref idref="fl-a"/>
      </object_component>
      <object_component id="oc-e9">
         <name>EQep3RegsFile</name>
         <uninitialized>true</uninitialized>
         <run_address>0x5180</run_address>
         <size>0x22</size>
         <input_file_ref idref="fl-a"/>
      </object_component>
      <object_component id="oc-122">
         <name>Flash0CtrlRegsFile</name>
         <uninitialized>true</uninitialized>
         <run_address>0x5f800</run_address>
         <size>0x182</size>
         <input_file_ref idref="fl-a"/>
      </object_component>
      <object_component id="oc-f1">
         <name>Flash0EccRegsFile</name>
         <uninitialized>true</uninitialized>
         <run_address>0x5fb00</run_address>
         <size>0x28</size>
         <input_file_ref idref="fl-a"/>
      </object_component>
      <object_component id="oc-b9">
         <name>FlashPumpSemaphoreRegsFile</name>
         <uninitialized>true</uninitialized>
         <run_address>0x50024</run_address>
         <size>0x2</size>
         <input_file_ref idref="fl-a"/>
      </object_component>
      <object_component id="oc-121">
         <name>GpioCtrlRegsFile</name>
         <uninitialized>true</uninitialized>
         <run_address>0x7c00</run_address>
         <size>0x180</size>
         <input_file_ref idref="fl-a"/>
      </object_component>
      <object_component id="oc-f4">
         <name>GpioDataRegsFile</name>
         <uninitialized>true</uninitialized>
         <run_address>0x7f00</run_address>
         <size>0x30</size>
         <input_file_ref idref="fl-a"/>
      </object_component>
      <object_component id="oc-ea">
         <name>I2caRegsFile</name>
         <uninitialized>true</uninitialized>
         <run_address>0x7300</run_address>
         <size>0x22</size>
         <input_file_ref idref="fl-a"/>
      </object_component>
      <object_component id="oc-eb">
         <name>I2cbRegsFile</name>
         <uninitialized>true</uninitialized>
         <run_address>0x7340</run_address>
         <size>0x22</size>
         <input_file_ref idref="fl-a"/>
      </object_component>
      <object_component id="oc-e4">
         <name>InputXbarRegsFile</name>
         <uninitialized>true</uninitialized>
         <run_address>0x7900</run_address>
         <size>0x20</size>
         <input_file_ref idref="fl-a"/>
      </object_component>
      <object_component id="oc-ec">
         <name>IpcRegsFile</name>
         <uninitialized>true</uninitialized>
         <run_address>0x50000</run_address>
         <size>0x24</size>
         <input_file_ref idref="fl-a"/>
      </object_component>
      <object_component id="oc-f6">
         <name>MemoryErrorRegsFile</name>
         <uninitialized>true</uninitialized>
         <run_address>0x5f500</run_address>
         <size>0x3a</size>
         <input_file_ref idref="fl-a"/>
      </object_component>
      <object_component id="oc-107">
         <name>MemCfgRegsFile</name>
         <uninitialized>true</uninitialized>
         <run_address>0x5f400</run_address>
         <size>0x76</size>
         <input_file_ref idref="fl-a"/>
      </object_component>
      <object_component id="oc-ed">
         <name>McbspaRegsFile</name>
         <uninitialized>true</uninitialized>
         <run_address>0x6000</run_address>
         <size>0x24</size>
         <input_file_ref idref="fl-a"/>
      </object_component>
      <object_component id="oc-ee">
         <name>McbspbRegsFile</name>
         <uninitialized>true</uninitialized>
         <run_address>0x6040</run_address>
         <size>0x24</size>
         <input_file_ref idref="fl-a"/>
      </object_component>
      <object_component id="oc-c1">
         <name>NmiIntruptRegsFile</name>
         <uninitialized>true</uninitialized>
         <run_address>0x7060</run_address>
         <size>0x7</size>
         <input_file_ref idref="fl-a"/>
      </object_component>
      <object_component id="oc-103">
         <name>OutputXbarRegsFile</name>
         <uninitialized>true</uninitialized>
         <run_address>0x7a80</run_address>
         <size>0x40</size>
         <input_file_ref idref="fl-a"/>
      </object_component>
      <object_component id="oc-db">
         <name>PieCtrlRegsFile</name>
         <uninitialized>true</uninitialized>
         <run_address>0xce0</run_address>
         <size>0x1a</size>
         <input_file_ref idref="fl-a"/>
      </object_component>
      <object_component id="oc-ba">
         <name>RomPrefetchRegsFile</name>
         <uninitialized>true</uninitialized>
         <run_address>0x5e608</run_address>
         <size>0x2</size>
         <input_file_ref idref="fl-a"/>
      </object_component>
      <object_component id="oc-bb">
         <name>RomWaitStateRegsFile</name>
         <uninitialized>true</uninitialized>
         <run_address>0x5f540</run_address>
         <size>0x2</size>
         <input_file_ref idref="fl-a"/>
      </object_component>
      <object_component id="oc-c9">
         <name>SciaRegsFile</name>
         <uninitialized>true</uninitialized>
         <run_address>0x7200</run_address>
         <size>0x10</size>
         <input_file_ref idref="fl-a"/>
      </object_component>
      <object_component id="oc-ca">
         <name>ScibRegsFile</name>
         <uninitialized>true</uninitialized>
         <run_address>0x7210</run_address>
         <size>0x10</size>
         <input_file_ref idref="fl-a"/>
      </object_component>
      <object_component id="oc-cb">
         <name>ScicRegsFile</name>
         <uninitialized>true</uninitialized>
         <run_address>0x7220</run_address>
         <size>0x10</size>
         <input_file_ref idref="fl-a"/>
      </object_component>
      <object_component id="oc-cc">
         <name>ScidRegsFile</name>
         <uninitialized>true</uninitialized>
         <run_address>0x7230</run_address>
         <size>0x10</size>
         <input_file_ref idref="fl-a"/>
      </object_component>
      <object_component id="oc-104">
         <name>Sdfm1RegsFile</name>
         <uninitialized>true</uninitialized>
         <run_address>0x5e00</run_address>
         <size>0x48</size>
         <input_file_ref idref="fl-a"/>
      </object_component>
      <object_component id="oc-105">
         <name>Sdfm2RegsFile</name>
         <uninitialized>true</uninitialized>
         <run_address>0x5e80</run_address>
         <size>0x48</size>
         <input_file_ref idref="fl-a"/>
      </object_component>
      <object_component id="oc-cd">
         <name>SpiaRegsFile</name>
         <uninitialized>true</uninitialized>
         <run_address>0x6100</run_address>
         <size>0x10</size>
         <input_file_ref idref="fl-a"/>
      </object_component>
      <object_component id="oc-ce">
         <name>SpibRegsFile</name>
         <uninitialized>true</uninitialized>
         <run_address>0x6110</run_address>
         <size>0x10</size>
         <input_file_ref idref="fl-a"/>
      </object_component>
      <object_component id="oc-cf">
         <name>SpicRegsFile</name>
         <uninitialized>true</uninitialized>
         <run_address>0x6120</run_address>
         <size>0x10</size>
         <input_file_ref idref="fl-a"/>
      </object_component>
      <object_component id="oc-bd">
         <name>SyncSocRegsFile</name>
         <uninitialized>true</uninitialized>
         <run_address>0x7940</run_address>
         <size>0x6</size>
         <input_file_ref idref="fl-a"/>
      </object_component>
      <object_component id="oc-106">
         <name>UppRegsFile</name>
         <uninitialized>true</uninitialized>
         <run_address>0x6200</run_address>
         <size>0x48</size>
         <input_file_ref idref="fl-a"/>
      </object_component>
      <object_component id="oc-f2">
         <name>WdRegsFile</name>
         <uninitialized>true</uninitialized>
         <run_address>0x7000</run_address>
         <size>0x2b</size>
         <input_file_ref idref="fl-a"/>
      </object_component>
      <object_component id="oc-c8">
         <name>XbarRegsFile</name>
         <uninitialized>true</uninitialized>
         <run_address>0x7920</run_address>
         <size>0xe</size>
         <input_file_ref idref="fl-a"/>
      </object_component>
      <object_component id="oc-c7">
         <name>XintRegsFile</name>
         <uninitialized>true</uninitialized>
         <run_address>0x7070</run_address>
         <size>0xb</size>
         <input_file_ref idref="fl-a"/>
      </object_component>
      <object_component id="oc-8d">
         <name>.debug_info</name>
         <load_address>0x0</load_address>
         <run_address>0x0</run_address>
         <size>0x428</size>
         <input_file_ref idref="fl-2"/>
      </object_component>
      <object_component id="oc-92">
         <name>.debug_info</name>
         <load_address>0x428</load_address>
         <run_address>0x428</run_address>
         <size>0x528</size>
         <input_file_ref idref="fl-3"/>
      </object_component>
      <object_component id="oc-97">
         <name>.debug_info</name>
         <load_address>0x950</load_address>
         <run_address>0x950</run_address>
         <size>0x500</size>
         <input_file_ref idref="fl-4"/>
      </object_component>
      <object_component id="oc-9c">
         <name>.debug_info</name>
         <load_address>0xe50</load_address>
         <run_address>0xe50</run_address>
         <size>0x4882</size>
         <input_file_ref idref="fl-5"/>
      </object_component>
      <object_component id="oc-a4">
         <name>.debug_info</name>
         <load_address>0x56d2</load_address>
         <run_address>0x56d2</run_address>
         <size>0x11e</size>
         <input_file_ref idref="fl-6"/>
      </object_component>
      <object_component id="oc-a7">
         <name>.debug_info</name>
         <load_address>0x57f0</load_address>
         <run_address>0x57f0</run_address>
         <size>0x973</size>
         <input_file_ref idref="fl-7"/>
      </object_component>
      <object_component id="oc-ad">
         <name>.debug_info</name>
         <load_address>0x6163</load_address>
         <run_address>0x6163</run_address>
         <size>0x34d0</size>
         <input_file_ref idref="fl-8"/>
      </object_component>
      <object_component id="oc-b3">
         <name>.debug_info</name>
         <load_address>0x9633</load_address>
         <run_address>0x9633</run_address>
         <size>0xf3c6</size>
         <input_file_ref idref="fl-9"/>
      </object_component>
      <object_component id="oc-b8">
         <name>.debug_info</name>
         <load_address>0x189f9</load_address>
         <run_address>0x189f9</run_address>
         <size>0x572de</size>
         <input_file_ref idref="fl-a"/>
      </object_component>
      <object_component id="oc-125">
         <name>.debug_info</name>
         <load_address>0x6fcd7</load_address>
         <run_address>0x6fcd7</run_address>
         <size>0x19f57</size>
         <input_file_ref idref="fl-b"/>
      </object_component>
      <object_component id="oc-12a">
         <name>.debug_info</name>
         <load_address>0x89c2e</load_address>
         <run_address>0x89c2e</run_address>
         <size>0x3541</size>
         <input_file_ref idref="fl-c"/>
      </object_component>
      <object_component id="oc-12f">
         <name>.debug_info</name>
         <load_address>0x8d16f</load_address>
         <run_address>0x8d16f</run_address>
         <size>0x6707</size>
         <input_file_ref idref="fl-d"/>
      </object_component>
      <object_component id="oc-134">
         <name>.debug_info</name>
         <load_address>0x93876</load_address>
         <run_address>0x93876</run_address>
         <size>0xcb4f</size>
         <input_file_ref idref="fl-e"/>
      </object_component>
      <object_component id="oc-13b">
         <name>.debug_info</name>
         <load_address>0xa03c5</load_address>
         <run_address>0xa03c5</run_address>
         <size>0xe8</size>
         <input_file_ref idref="fl-f"/>
      </object_component>
      <object_component id="oc-13e">
         <name>.debug_info</name>
         <load_address>0xa04ad</load_address>
         <run_address>0xa04ad</run_address>
         <size>0x477</size>
         <input_file_ref idref="fl-10"/>
      </object_component>
      <object_component id="oc-143">
         <name>.debug_info</name>
         <load_address>0xa0924</load_address>
         <run_address>0xa0924</run_address>
         <size>0x55b</size>
         <input_file_ref idref="fl-11"/>
      </object_component>
      <object_component id="oc-148">
         <name>.debug_info</name>
         <load_address>0xa0e7f</load_address>
         <run_address>0xa0e7f</run_address>
         <size>0x648</size>
         <input_file_ref idref="fl-12"/>
      </object_component>
      <object_component id="oc-14d">
         <name>.debug_info</name>
         <load_address>0xa14c7</load_address>
         <run_address>0xa14c7</run_address>
         <size>0x613</size>
         <input_file_ref idref="fl-13"/>
      </object_component>
      <object_component id="oc-152">
         <name>.debug_info</name>
         <load_address>0xa1ada</load_address>
         <run_address>0xa1ada</run_address>
         <size>0xc0f3</size>
         <input_file_ref idref="fl-14"/>
      </object_component>
      <object_component id="oc-15a">
         <name>.debug_info</name>
         <load_address>0xadbcd</load_address>
         <run_address>0xadbcd</run_address>
         <size>0xd47d</size>
         <input_file_ref idref="fl-15"/>
      </object_component>
      <object_component id="oc-161">
         <name>.debug_info</name>
         <load_address>0xbb04a</load_address>
         <run_address>0xbb04a</run_address>
         <size>0x69b</size>
         <input_file_ref idref="fl-16"/>
      </object_component>
      <object_component id="oc-166">
         <name>.debug_info</name>
         <load_address>0xbb6e5</load_address>
         <run_address>0xbb6e5</run_address>
         <size>0x470</size>
         <input_file_ref idref="fl-17"/>
      </object_component>
      <object_component id="oc-16b">
         <name>.debug_info</name>
         <load_address>0xbbb55</load_address>
         <run_address>0xbbb55</run_address>
         <size>0x21600</size>
         <input_file_ref idref="fl-18"/>
      </object_component>
      <object_component id="oc-170">
         <name>.debug_info</name>
         <load_address>0xdd155</load_address>
         <run_address>0xdd155</run_address>
         <size>0x1602</size>
         <input_file_ref idref="fl-19"/>
      </object_component>
      <object_component id="oc-176">
         <name>.debug_info</name>
         <load_address>0xde757</load_address>
         <run_address>0xde757</run_address>
         <size>0x3ddd</size>
         <input_file_ref idref="fl-1a"/>
      </object_component>
      <object_component id="oc-17d">
         <name>.debug_info</name>
         <load_address>0xe2534</load_address>
         <run_address>0xe2534</run_address>
         <size>0x4b9c</size>
         <input_file_ref idref="fl-1b"/>
      </object_component>
      <object_component id="oc-184">
         <name>.debug_info</name>
         <load_address>0xe70d0</load_address>
         <run_address>0xe70d0</run_address>
         <size>0x173</size>
         <input_file_ref idref="fl-2c"/>
      </object_component>
      <object_component id="oc-188">
         <name>.debug_info</name>
         <load_address>0xe7243</load_address>
         <run_address>0xe7243</run_address>
         <size>0x561</size>
         <input_file_ref idref="fl-2d"/>
      </object_component>
      <object_component id="oc-18d">
         <name>.debug_info</name>
         <load_address>0xe77a4</load_address>
         <run_address>0xe77a4</run_address>
         <size>0x43a</size>
         <input_file_ref idref="fl-2e"/>
      </object_component>
      <object_component id="oc-192">
         <name>.debug_info</name>
         <load_address>0xe7bde</load_address>
         <run_address>0xe7bde</run_address>
         <size>0x3ad</size>
         <input_file_ref idref="fl-2f"/>
      </object_component>
      <object_component id="oc-197">
         <name>.debug_info</name>
         <load_address>0xe7f8b</load_address>
         <run_address>0xe7f8b</run_address>
         <size>0x3aa</size>
         <input_file_ref idref="fl-30"/>
      </object_component>
      <object_component id="oc-19c">
         <name>.debug_info</name>
         <load_address>0xe8335</load_address>
         <run_address>0xe8335</run_address>
         <size>0x544</size>
         <input_file_ref idref="fl-31"/>
      </object_component>
      <object_component id="oc-1a3">
         <name>.debug_info</name>
         <load_address>0xe8879</load_address>
         <run_address>0xe8879</run_address>
         <size>0x4cc</size>
         <input_file_ref idref="fl-32"/>
      </object_component>
      <object_component id="oc-1a8">
         <name>.debug_info</name>
         <load_address>0xe8d45</load_address>
         <run_address>0xe8d45</run_address>
         <size>0x467</size>
         <input_file_ref idref="fl-33"/>
      </object_component>
      <object_component id="oc-28a">
         <name>.debug_info</name>
         <load_address>0xe91ac</load_address>
         <run_address>0xe91ac</run_address>
         <size>0xa2</size>
      </object_component>
      <object_component id="oc-8e">
         <name>.debug_frame</name>
         <load_address>0x0</load_address>
         <run_address>0x0</run_address>
         <size>0x28</size>
         <input_file_ref idref="fl-2"/>
      </object_component>
      <object_component id="oc-93">
         <name>.debug_frame</name>
         <load_address>0x28</load_address>
         <run_address>0x28</run_address>
         <size>0x60</size>
         <input_file_ref idref="fl-3"/>
      </object_component>
      <object_component id="oc-98">
         <name>.debug_frame</name>
         <load_address>0x88</load_address>
         <run_address>0x88</run_address>
         <size>0x60</size>
         <input_file_ref idref="fl-4"/>
      </object_component>
      <object_component id="oc-9d">
         <name>.debug_frame</name>
         <load_address>0xe8</load_address>
         <run_address>0xe8</run_address>
         <size>0x60</size>
         <input_file_ref idref="fl-5"/>
      </object_component>
      <object_component id="oc-a9">
         <name>.debug_frame</name>
         <load_address>0x148</load_address>
         <run_address>0x148</run_address>
         <size>0x5c</size>
         <input_file_ref idref="fl-7"/>
      </object_component>
      <object_component id="oc-af">
         <name>.debug_frame</name>
         <load_address>0x1a4</load_address>
         <run_address>0x1a4</run_address>
         <size>0x11d0</size>
         <input_file_ref idref="fl-8"/>
      </object_component>
      <object_component id="oc-b4">
         <name>.debug_frame</name>
         <load_address>0x1374</load_address>
         <run_address>0x1374</run_address>
         <size>0x28</size>
         <input_file_ref idref="fl-9"/>
      </object_component>
      <object_component id="oc-126">
         <name>.debug_frame</name>
         <load_address>0x139c</load_address>
         <run_address>0x139c</run_address>
         <size>0x1a8</size>
         <input_file_ref idref="fl-b"/>
      </object_component>
      <object_component id="oc-12b">
         <name>.debug_frame</name>
         <load_address>0x1544</load_address>
         <run_address>0x1544</run_address>
         <size>0x58</size>
         <input_file_ref idref="fl-c"/>
      </object_component>
      <object_component id="oc-130">
         <name>.debug_frame</name>
         <load_address>0x159c</load_address>
         <run_address>0x159c</run_address>
         <size>0x44</size>
         <input_file_ref idref="fl-d"/>
      </object_component>
      <object_component id="oc-135">
         <name>.debug_frame</name>
         <load_address>0x15e0</load_address>
         <run_address>0x15e0</run_address>
         <size>0x230</size>
         <input_file_ref idref="fl-e"/>
      </object_component>
      <object_component id="oc-13f">
         <name>.debug_frame</name>
         <load_address>0x1810</load_address>
         <run_address>0x1810</run_address>
         <size>0x28</size>
         <input_file_ref idref="fl-10"/>
      </object_component>
      <object_component id="oc-144">
         <name>.debug_frame</name>
         <load_address>0x1838</load_address>
         <run_address>0x1838</run_address>
         <size>0x28</size>
         <input_file_ref idref="fl-11"/>
      </object_component>
      <object_component id="oc-149">
         <name>.debug_frame</name>
         <load_address>0x1860</load_address>
         <run_address>0x1860</run_address>
         <size>0x28</size>
         <input_file_ref idref="fl-12"/>
      </object_component>
      <object_component id="oc-14e">
         <name>.debug_frame</name>
         <load_address>0x1888</load_address>
         <run_address>0x1888</run_address>
         <size>0x60</size>
         <input_file_ref idref="fl-13"/>
      </object_component>
      <object_component id="oc-156">
         <name>.debug_frame</name>
         <load_address>0x18e8</load_address>
         <run_address>0x18e8</run_address>
         <size>0x110</size>
         <input_file_ref idref="fl-14"/>
      </object_component>
      <object_component id="oc-15d">
         <name>.debug_frame</name>
         <load_address>0x19f8</load_address>
         <run_address>0x19f8</run_address>
         <size>0x28c</size>
         <input_file_ref idref="fl-15"/>
      </object_component>
      <object_component id="oc-162">
         <name>.debug_frame</name>
         <load_address>0x1c84</load_address>
         <run_address>0x1c84</run_address>
         <size>0x7c</size>
         <input_file_ref idref="fl-16"/>
      </object_component>
      <object_component id="oc-167">
         <name>.debug_frame</name>
         <load_address>0x1d00</load_address>
         <run_address>0x1d00</run_address>
         <size>0x28</size>
         <input_file_ref idref="fl-17"/>
      </object_component>
      <object_component id="oc-16c">
         <name>.debug_frame</name>
         <load_address>0x1d28</load_address>
         <run_address>0x1d28</run_address>
         <size>0xa8</size>
         <input_file_ref idref="fl-18"/>
      </object_component>
      <object_component id="oc-172">
         <name>.debug_frame</name>
         <load_address>0x1dd0</load_address>
         <run_address>0x1dd0</run_address>
         <size>0x64</size>
         <input_file_ref idref="fl-19"/>
      </object_component>
      <object_component id="oc-179">
         <name>.debug_frame</name>
         <load_address>0x1e34</load_address>
         <run_address>0x1e34</run_address>
         <size>0x73c</size>
         <input_file_ref idref="fl-1a"/>
      </object_component>
      <object_component id="oc-17e">
         <name>.debug_frame</name>
         <load_address>0x2570</load_address>
         <run_address>0x2570</run_address>
         <size>0x76c</size>
         <input_file_ref idref="fl-1b"/>
      </object_component>
      <object_component id="oc-189">
         <name>.debug_frame</name>
         <load_address>0x2cdc</load_address>
         <run_address>0x2cdc</run_address>
         <size>0x60</size>
         <input_file_ref idref="fl-2d"/>
      </object_component>
      <object_component id="oc-18e">
         <name>.debug_frame</name>
         <load_address>0x2d3c</load_address>
         <run_address>0x2d3c</run_address>
         <size>0x40</size>
         <input_file_ref idref="fl-2e"/>
      </object_component>
      <object_component id="oc-193">
         <name>.debug_frame</name>
         <load_address>0x2d7c</load_address>
         <run_address>0x2d7c</run_address>
         <size>0x40</size>
         <input_file_ref idref="fl-2f"/>
      </object_component>
      <object_component id="oc-198">
         <name>.debug_frame</name>
         <load_address>0x2dbc</load_address>
         <run_address>0x2dbc</run_address>
         <size>0x40</size>
         <input_file_ref idref="fl-30"/>
      </object_component>
      <object_component id="oc-19f">
         <name>.debug_frame</name>
         <load_address>0x2dfc</load_address>
         <run_address>0x2dfc</run_address>
         <size>0x60</size>
         <input_file_ref idref="fl-31"/>
      </object_component>
      <object_component id="oc-1a4">
         <name>.debug_frame</name>
         <load_address>0x2e5c</load_address>
         <run_address>0x2e5c</run_address>
         <size>0x70</size>
         <input_file_ref idref="fl-32"/>
      </object_component>
      <object_component id="oc-1a9">
         <name>.debug_frame</name>
         <load_address>0x2ecc</load_address>
         <run_address>0x2ecc</run_address>
         <size>0x40</size>
         <input_file_ref idref="fl-33"/>
      </object_component>
      <object_component id="oc-8f">
         <name>.debug_line</name>
         <load_address>0x0</load_address>
         <run_address>0x0</run_address>
         <size>0x33</size>
         <input_file_ref idref="fl-2"/>
      </object_component>
      <object_component id="oc-94">
         <name>.debug_line</name>
         <load_address>0x33</load_address>
         <run_address>0x33</run_address>
         <size>0x6c</size>
         <input_file_ref idref="fl-3"/>
      </object_component>
      <object_component id="oc-99">
         <name>.debug_line</name>
         <load_address>0x9f</load_address>
         <run_address>0x9f</run_address>
         <size>0x68</size>
         <input_file_ref idref="fl-4"/>
      </object_component>
      <object_component id="oc-9e">
         <name>.debug_line</name>
         <load_address>0x107</load_address>
         <run_address>0x107</run_address>
         <size>0x10c</size>
         <input_file_ref idref="fl-5"/>
      </object_component>
      <object_component id="oc-a3">
         <name>.debug_line</name>
         <load_address>0x213</load_address>
         <run_address>0x213</run_address>
         <size>0x63</size>
         <input_file_ref idref="fl-6"/>
      </object_component>
      <object_component id="oc-aa">
         <name>.debug_line</name>
         <load_address>0x276</load_address>
         <run_address>0x276</run_address>
         <size>0x87</size>
         <input_file_ref idref="fl-7"/>
      </object_component>
      <object_component id="oc-b0">
         <name>.debug_line</name>
         <load_address>0x2fd</load_address>
         <run_address>0x2fd</run_address>
         <size>0xcdf</size>
         <input_file_ref idref="fl-8"/>
      </object_component>
      <object_component id="oc-b5">
         <name>.debug_line</name>
         <load_address>0xfdc</load_address>
         <run_address>0xfdc</run_address>
         <size>0x32</size>
         <input_file_ref idref="fl-9"/>
      </object_component>
      <object_component id="oc-127">
         <name>.debug_line</name>
         <load_address>0x100e</load_address>
         <run_address>0x100e</run_address>
         <size>0x23d</size>
         <input_file_ref idref="fl-b"/>
      </object_component>
      <object_component id="oc-12c">
         <name>.debug_line</name>
         <load_address>0x124b</load_address>
         <run_address>0x124b</run_address>
         <size>0x87</size>
         <input_file_ref idref="fl-c"/>
      </object_component>
      <object_component id="oc-131">
         <name>.debug_line</name>
         <load_address>0x12d2</load_address>
         <run_address>0x12d2</run_address>
         <size>0x69</size>
         <input_file_ref idref="fl-d"/>
      </object_component>
      <object_component id="oc-136">
         <name>.debug_line</name>
         <load_address>0x133b</load_address>
         <run_address>0x133b</run_address>
         <size>0x543</size>
         <input_file_ref idref="fl-e"/>
      </object_component>
      <object_component id="oc-13a">
         <name>.debug_line</name>
         <load_address>0x187e</load_address>
         <run_address>0x187e</run_address>
         <size>0x4a</size>
         <input_file_ref idref="fl-f"/>
      </object_component>
      <object_component id="oc-140">
         <name>.debug_line</name>
         <load_address>0x18c8</load_address>
         <run_address>0x18c8</run_address>
         <size>0x32</size>
         <input_file_ref idref="fl-10"/>
      </object_component>
      <object_component id="oc-145">
         <name>.debug_line</name>
         <load_address>0x18fa</load_address>
         <run_address>0x18fa</run_address>
         <size>0x32</size>
         <input_file_ref idref="fl-11"/>
      </object_component>
      <object_component id="oc-14a">
         <name>.debug_line</name>
         <load_address>0x192c</load_address>
         <run_address>0x192c</run_address>
         <size>0x80</size>
         <input_file_ref idref="fl-12"/>
      </object_component>
      <object_component id="oc-14f">
         <name>.debug_line</name>
         <load_address>0x19ac</load_address>
         <run_address>0x19ac</run_address>
         <size>0x79</size>
         <input_file_ref idref="fl-13"/>
      </object_component>
      <object_component id="oc-157">
         <name>.debug_line</name>
         <load_address>0x1a25</load_address>
         <run_address>0x1a25</run_address>
         <size>0x1c6</size>
         <input_file_ref idref="fl-14"/>
      </object_component>
      <object_component id="oc-15e">
         <name>.debug_line</name>
         <load_address>0x1beb</load_address>
         <run_address>0x1beb</run_address>
         <size>0x5d3</size>
         <input_file_ref idref="fl-15"/>
      </object_component>
      <object_component id="oc-163">
         <name>.debug_line</name>
         <load_address>0x21be</load_address>
         <run_address>0x21be</run_address>
         <size>0xbb</size>
         <input_file_ref idref="fl-16"/>
      </object_component>
      <object_component id="oc-168">
         <name>.debug_line</name>
         <load_address>0x2279</load_address>
         <run_address>0x2279</run_address>
         <size>0x38</size>
         <input_file_ref idref="fl-17"/>
      </object_component>
      <object_component id="oc-16d">
         <name>.debug_line</name>
         <load_address>0x22b1</load_address>
         <run_address>0x22b1</run_address>
         <size>0x1d0</size>
         <input_file_ref idref="fl-18"/>
      </object_component>
      <object_component id="oc-173">
         <name>.debug_line</name>
         <load_address>0x2481</load_address>
         <run_address>0x2481</run_address>
         <size>0x9a</size>
         <input_file_ref idref="fl-19"/>
      </object_component>
      <object_component id="oc-17a">
         <name>.debug_line</name>
         <load_address>0x251b</load_address>
         <run_address>0x251b</run_address>
         <size>0xacd</size>
         <input_file_ref idref="fl-1a"/>
      </object_component>
[...]
      </symbol>
      <symbol id="sm-6a4">
         <name>_boolStartMPPT</name>
         <value>0x18ac9</value>
         <object_component_ref idref="oc-15c"/>
      </symbol>
      <symbol id="sm-6a5">
         <name>_index</name>
         <value>0x18ad0</value>
         <object_component_ref idref="oc-15c"/>
      </symbol>
      <symbol id="sm-6a6">
         <name>_avgCounter</name>
         <value>0x18acd</value>
         <object_component_ref idref="oc-15c"/>
      </symbol>
      <symbol id="sm-6a7">
         <name>_v_pv_old</name>
         <value>0x18aec</value>
         <object_component_ref idref="oc-15c"/>
      </symbol>
      <symbol id="sm-6a8">
         <name>_conexao</name>
         <value>0x18ac0</value>
         <object_component_ref idref="oc-15c"/>
      </symbol>
      <symbol id="sm-6a9">
         <name>_C_nominal</name>
         <value>0x18af8</value>
         <object_component_ref idref="oc-15c"/>
      </symbol>
      <symbol id="sm-6aa">
         <name>_control_period</name>
         <value>0x18acb</value>
         <object_component_ref idref="oc-15c"/>
      </symbol>
      <symbol id="sm-6ab">
         <name>_delta_V</name>
         <value>0x18aee</value>
         <object_component_ref idref="oc-15c"/>
      </symbol>
      <symbol id="sm-6ac">
         <name>_gera_referencia</name>
         <value>0x105b3</value>
         <object_component_ref idref="oc-1b7"/>
      </symbol>
      <symbol id="sm-6ae">
         <name>_varCounter</name>
         <value>0x18ace</value>
         <object_component_ref idref="oc-15c"/>
      </symbol>
      <symbol id="sm-6af">
         <name>_temporizacao1</name>
         <value>0x107aa</value>
         <object_component_ref idref="oc-1b7"/>
      </symbol>
      <symbol id="sm-6b1">
         <name>_MA_sum</name>
         <value>0x18b04</value>
         <object_component_ref idref="oc-15c"/>
      </symbol>
      <symbol id="sm-6b2">
         <name>_mppt_period</name>
         <value>0x18ac8</value>
         <object_component_ref idref="oc-15c"/>
      </symbol>
      <symbol id="sm-6b3">
         <name>_v_pv_ref_FORCED</name>
         <value>0x18adc</value>
         <object_component_ref idref="oc-15c"/>
      </symbol>
      <symbol id="sm-6b4">
         <name>_p_pv_new</name>
         <value>0x18aea</value>
         <object_component_ref idref="oc-15c"/>
      </symbol>
      <symbol id="sm-6b5">
         <name>_maq_estados_inv</name>
         <value>0x10c64</value>
         <object_component_ref idref="oc-1b7"/>
      </symbol>
      <symbol id="sm-6b7">
         <name>_variability</name>
         <value>0x103fe</value>
         <object_component_ref idref="oc-1b7"/>
      </symbol>
      <symbol id="sm-6b9">
         <name>_BAT_power_ref</name>
         <value>0x18afe</value>
         <object_component_ref idref="oc-15c"/>
      </symbol>
      <symbol id="sm-6ba">
         <name>_SC_enable</name>
         <value>0x18ac6</value>
         <object_component_ref idref="oc-15c"/>
      </symbol>
      <symbol id="sm-6bb">
         <name>_moving_average</name>
         <value>0x10426</value>
         <object_component_ref idref="oc-1b7"/>
      </symbol>
      <symbol id="sm-6bd">
         <name>_iLsc_ref</name>
         <value>0x18af4</value>
         <object_component_ref idref="oc-15c"/>
      </symbol>
      <symbol id="sm-6be">
         <name>_duty_bid_sc</name>
         <value>0x18ae4</value>
         <object_component_ref idref="oc-15c"/>
      </symbol>
      <symbol id="sm-6bf">
         <name>_BAT_duty_cycle_FORCED</name>
         <value>0x18ae0</value>
         <object_component_ref idref="oc-15c"/>
      </symbol>
      <symbol id="sm-6c0">
         <name>_sc_duty_cycle_FORCED</name>
         <value>0x18ade</value>
         <object_component_ref idref="oc-15c"/>
      </symbol>
      <symbol id="sm-6d4">
         <name>_pi_reg1_reset</name>
         <value>0x1223c</value>
         <object_component_ref idref="oc-1b2"/>
      </symbol>
      <symbol id="sm-6d6">
         <name>_pi_reg1_calc</name>
         <value>0x120ef</value>
         <object_component_ref idref="oc-1b2"/>
      </symbol>
      <symbol id="sm-6d8">
         <name>_pi_reg1_calc_eq_dif</name>
         <value>0x1218f</value>
         <object_component_ref idref="oc-1b2"/>
      </symbol>
      <symbol id="sm-6f2">
         <name>_setup_GPIO</name>
         <value>0x11713</value>
         <object_component_ref idref="oc-1c6"/>
      </symbol>
      <symbol id="sm-6f4">
         <name>_setup_ePWM</name>
         <value>0x117b5</value>
         <object_component_ref idref="oc-1c6"/>
      </symbol>
      <symbol id="sm-6f6">
         <name>_Setup_UART</name>
         <value>0x11b03</value>
         <object_component_ref idref="oc-1c6"/>
      </symbol>
      <symbol id="sm-6f8">
         <name>_setup_ADC_A</name>
         <value>0x119c9</value>
         <object_component_ref idref="oc-1c6"/>
      </symbol>
      <symbol id="sm-6fa">
         <name>_setup_ADC_B</name>
         <value>0x11a67</value>
         <object_component_ref idref="oc-1c6"/>
      </symbol>
      <symbol id="sm-74f">
         <name>_rStrength</name>
         <value>0x18a40</value>
         <object_component_ref idref="oc-1e5"/>
      </symbol>
      <symbol id="sm-750">
         <name>_fis_EMS3inputs_init</name>
         <value>0x12264</value>
         <object_component_ref idref="oc-1c8"/>
      </symbol>
      <symbol id="sm-752">
         <name>_fis_EMS3inputs_run</name>
         <value>0x12390</value>
         <object_component_ref idref="oc-1c8"/>
      </symbol>
      <symbol id="sm-80e">
         <name>_qFFMath_ATanh</name>
         <value>0xe657</value>
         <object_component_ref idref="oc-1eb"/>
      </symbol>
      <symbol id="sm-810">
         <name>_qFFMath_IsEqual</name>
         <value>0xe0a8</value>
         <object_component_ref idref="oc-1eb"/>
      </symbol>
      <symbol id="sm-812">
         <name>_qFFMath_FPClassify</name>
         <value>0xe018</value>
         <object_component_ref idref="oc-1eb"/>
      </symbol>
      <symbol id="sm-814">
         <name>_qFFMath_Ceil</name>
         <value>0xe268</value>
         <object_component_ref idref="oc-1eb"/>
      </symbol>
      <symbol id="sm-816">
         <name>_qFFMath_InCircle</name>
         <value>0xea50</value>
         <object_component_ref idref="oc-1eb"/>
      </symbol>
      <symbol id="sm-818">
         <name>_qFFMath_NextAfter</name>
         <value>0xe79d</value>
         <object_component_ref idref="oc-1eb"/>
      </symbol>
      <symbol id="sm-81a">
         <name>_qFFMath_Tan</name>
         <value>0xe32e</value>
         <object_component_ref idref="oc-1eb"/>
      </symbol>
      <symbol id="sm-81c">
         <name>__qFFMath_GetAbnormal</name>
         <value>0xe000</value>
         <object_component_ref idref="oc-1eb"/>
      </symbol>
      <symbol id="sm-81e">
         <name>_qFFMath_ACos</name>
         <value>0xe36e</value>
         <object_component_ref idref="oc-1eb"/>
      </symbol>
      <symbol id="sm-820">
         <name>_qFFMath_RCbrt</name>
         <value>0xe23e</value>
         <object_component_ref idref="oc-1eb"/>
      </symbol>
      <symbol id="sm-822">
         <name>_qFFMath_Cosh</name>
         <value>0xe5f4</value>
         <object_component_ref idref="oc-1eb"/>
      </symbol>
      <symbol id="sm-824">
         <name>_qFFMath_Pow</name>
         <value>0xe5cb</value>
         <object_component_ref idref="oc-1eb"/>
      </symbol>
      <symbol id="sm-826">
         <name>_qFFMath_Midpoint</name>
         <value>0xe802</value>
         <object_component_ref idref="oc-1eb"/>
      </symbol>
      <symbol id="sm-828">
         <name>_qFFMath_Sqrt</name>
         <value>0xe0f8</value>
         <object_component_ref idref="oc-1eb"/>
      </symbol>
      <symbol id="sm-82a">
         <name>_qFFMath_Erf</name>
         <value>0xe66a</value>
         <object_component_ref idref="oc-1eb"/>
      </symbol>
      <symbol id="sm-82c">
         <name>_qFFMath_Log</name>
         <value>0xe5b1</value>
         <object_component_ref idref="oc-1eb"/>
      </symbol>
      <symbol id="sm-82e">
         <name>_qFFMath_IsNaN</name>
         <value>0xe043</value>
         <object_component_ref idref="oc-1eb"/>
      </symbol>
      <symbol id="sm-830">
         <name>_qFFMath_Cos</name>
         <value>0xe30a</value>
         <object_component_ref idref="oc-1eb"/>
      </symbol>
      <symbol id="sm-832">
         <name>_qFFMath_Exp2</name>
         <value>0xe400</value>
         <object_component_ref idref="oc-1eb"/>
      </symbol>
      <symbol id="sm-834">
         <name>_qFFMath_Exp10</name>
         <value>0xe5a2</value>
         <object_component_ref idref="oc-1eb"/>
      </symbol>
      <symbol id="sm-836">
         <name>_qFFMath_Normalize</name>
         <value>0xe8dd</value>
         <object_component_ref idref="oc-1eb"/>
      </symbol>
      <symbol id="sm-838">
         <name>_qFFMath_InPolygon</name>
         <value>0xe93d</value>
         <object_component_ref idref="oc-1eb"/>
      </symbol>
      <symbol id="sm-83a">
         <name>_qFFMath_IsAlmostEqual</name>
         <value>0xe083</value>
         <object_component_ref idref="oc-1eb"/>
      </symbol>
      <symbol id="sm-83c">
         <name>_qFFMath_Min</name>
         <value>0xe6b7</value>
         <object_component_ref idref="oc-1eb"/>
      </symbol>
      <symbol id="sm-83e">
         <name>_qFFMath_RSqrt</name>
         <value>0xe14d</value>
         <object_component_ref idref="oc-1eb"/>
      </symbol>
      <symbol id="sm-840">
         <name>_qFFMath_ASin</name>
         <value>0xe342</value>
         <object_component_ref idref="oc-1eb"/>
      </symbol>
      <symbol id="sm-842">
         <name>_qFFMath_Floor</name>
         <value>0xe25f</value>
         <object_component_ref idref="oc-1eb"/>
      </symbol>
      <symbol id="sm-844">
         <name>_qFFMath_Erfc</name>
         <value>0xe69d</value>
         <object_component_ref idref="oc-1eb"/>
      </symbol>
      <symbol id="sm-846">
         <name>_qFFMath_InRangeCoerce</name>
         <value>0xe910</value>
         <object_component_ref idref="oc-1eb"/>
      </symbol>
      <symbol id="sm-848">
         <name>_qFFMath_Mod</name>
         <value>0xe29d</value>
         <object_component_ref idref="oc-1eb"/>
      </symbol>
      <symbol id="sm-84a">
         <name>_qFFMath_LGamma</name>
         <value>0xf24a</value>
         <object_component_ref idref="oc-1eb"/>
      </symbol>
      <symbol id="sm-84c">
         <name>_qFFMath_TGamma</name>
         <value>0xea99</value>
         <object_component_ref idref="oc-1eb"/>
      </symbol>
      <symbol id="sm-84e">
         <name>_qFFMath_Trunc</name>
         <value>0xe271</value>
         <object_component_ref idref="oc-1eb"/>
      </symbol>
      <symbol id="sm-850">
         <name>_qFFMath_Max</name>
         <value>0xe6a6</value>
         <object_component_ref idref="oc-1eb"/>
      </symbol>
      <symbol id="sm-852">
         <name>_qFFMath_Map</name>
         <value>0xe8f6</value>
         <object_component_ref idref="oc-1eb"/>
      </symbol>
      <symbol id="sm-854">
         <name>_qFFMath_Factorial</name>
         <value>0xf2bf</value>
         <object_component_ref idref="oc-1eb"/>
      </symbol>
      <symbol id="sm-856">
         <name>_qFFMath_Tanh</name>
         <value>0xe610</value>
         <object_component_ref idref="oc-1eb"/>
      </symbol>
      <symbol id="sm-858">
         <name>_qFFMath_Recip</name>
         <value>0xe0cb</value>
         <object_component_ref idref="oc-1eb"/>
      </symbol>
      <symbol id="sm-85a">
         <name>_qFFMath_ASinh</name>
         <value>0xe627</value>
         <object_component_ref idref="oc-1eb"/>
      </symbol>
      <symbol id="sm-85c">
         <name>_qFFMath_Log2</name>
         <value>0xe499</value>
         <object_component_ref idref="oc-1eb"/>
      </symbol>
      <symbol id="sm-85e">
         <name>_qFFMath_Remainder</name>
         <value>0xe286</value>
         <object_component_ref idref="oc-1eb"/>
      </symbol>
      <symbol id="sm-860">
         <name>_qFFMath_Sin</name>
         <value>0xe2bd</value>
         <object_component_ref idref="oc-1eb"/>
      </symbol>
      <symbol id="sm-862">
         <name>_qFFMath_IsNormal</name>
         <value>0xe073</value>
         <object_component_ref idref="oc-1eb"/>
      </symbol>
      <symbol id="sm-864">
         <name>_qFFMath_RExp</name>
         <value>0xe6c8</value>
         <object_component_ref idref="oc-1eb"/>
      </symbol>
      <symbol id="sm-866">
         <name>_qFFMath_LDExp</name>
         <value>0xe6fd</value>
         <object_component_ref idref="oc-1eb"/>
      </symbol>
      <symbol id="sm-868">
         <name>_qFFMath_IsFinite</name>
         <value>0xe063</value>
         <object_component_ref idref="oc-1eb"/>
      </symbol>
      <symbol id="sm-86a">
         <name>_qFFMath_Lerp</name>
         <value>0xe86c</value>
         <object_component_ref idref="oc-1eb"/>
      </symbol>
      <symbol id="sm-86c">
         <name>_qFFMath_Log10</name>
         <value>0xe5be</value>
         <object_component_ref idref="oc-1eb"/>
      </symbol>
      <symbol id="sm-86e">
         <name>_qFFMath_Abs</name>
         <value>0xe0c1</value>
         <object_component_ref idref="oc-1eb"/>
      </symbol>
      <symbol id="sm-870">
         <name>_qFFMath_Sinh</name>
         <value>0xe5da</value>
         <object_component_ref idref="oc-1eb"/>
      </symbol>
      <symbol id="sm-872">
         <name>_qFFMath_Frac</name>
         <value>0xe27b</value>
         <object_component_ref idref="oc-1eb"/>
      </symbol>
      <symbol id="sm-874">
         <name>_qFFMath_ATan</name>
         <value>0xe37b</value>
         <object_component_ref idref="oc-1eb"/>
      </symbol>
      <symbol id="sm-876">
         <name>_qFFMath_Cbrt</name>
         <value>0xe236</value>
         <object_component_ref idref="oc-1eb"/>
      </symbol>
      <symbol id="sm-878">
         <name>_qFFMath_IsInf</name>
         <value>0xe053</value>
         <object_component_ref idref="oc-1eb"/>
      </symbol>
      <symbol id="sm-87a">
         <name>_qFFMath_Exp</name>
         <value>0xe593</value>
         <object_component_ref idref="oc-1eb"/>
      </symbol>
      <symbol id="sm-87c">
         <name>_qFFMath_Round</name>
         <value>0xe250</value>
         <object_component_ref idref="oc-1eb"/>
      </symbol>
      <symbol id="sm-87e">
         <name>_qFFMath_Hypot</name>
         <value>0xe73c</value>
         <object_component_ref idref="oc-1eb"/>
      </symbol>
      <symbol id="sm-880">
         <name>_qFFMath_ACosh</name>
         <value>0xe63b</value>
         <object_component_ref idref="oc-1eb"/>
      </symbol>
      <symbol id="sm-882">
         <name>_qFFMath_ATan2</name>
         <value>0xe3af</value>
         <object_component_ref idref="oc-1eb"/>
      </symbol>
      <symbol id="sm-97d">
         <name>_qFIS_Inference</name>
         <value>0xfbbe</value>
         <object_component_ref idref="oc-1d0"/>
      </symbol>
      <symbol id="sm-97f">
         <name>_qFIS_SetRuleWeights</name>
         <value>0xfbad</value>
         <object_component_ref idref="oc-1d0"/>
      </symbol>
      <symbol id="sm-981">
         <name>_qFIS_SetDeFuzzMethod</name>
         <value>0xf356</value>
         <object_component_ref idref="oc-1d0"/>
      </symbol>
      <symbol id="sm-983">
         <name>_qFIS_StoreAggregatedRegion</name>
         <value>0xf546</value>
         <object_component_ref idref="oc-1d0"/>
      </symbol>
      <symbol id="sm-985">
         <name>_qFIS_SetParameter</name>
         <value>0xf2e5</value>
         <object_component_ref idref="oc-1d0"/>
      </symbol>
      <symbol id="sm-987">
         <name>_qFIS_DeFuzzify</name>
         <value>0xfa71</value>
         <object_component_ref idref="oc-1d0"/>
      </symbol>
      <symbol id="sm-989">
         <name>_qFIS_SetMF</name>
         <value>0xf4f6</value>
         <object_component_ref idref="oc-1d0"/>
      </symbol>
      <symbol id="sm-98b">
         <name>_qFIS_OutputSetup</name>
         <value>0xf475</value>
         <object_component_ref idref="oc-1d0"/>
      </symbol>
      <symbol id="sm-98d">
         <name>_qFIS_SetInput</name>
         <value>0xf4cb</value>
         <object_component_ref idref="oc-1d0"/>
      </symbol>
      <symbol id="sm-98f">
         <name>_qFIS_InputSetup</name>
         <value>0xf457</value>
         <object_component_ref idref="oc-1d0"/>
      </symbol>
      <symbol id="sm-991">
         <name>_qFIS_GetOutput</name>
         <value>0xf4e1</value>
         <object_component_ref idref="oc-1d0"/>
      </symbol>
      <symbol id="sm-993">
         <name>_qFIS_Setup</name>
         <value>0xf38d</value>
         <object_component_ref idref="oc-1d0"/>
      </symbol>
      <symbol id="sm-995">
         <name>_qFIS_Fuzzify</name>
         <value>0xf5d4</value>
         <object_component_ref idref="oc-1d0"/>
      </symbol>
      <symbol id="sm-9b1">
         <name>_c_int00</name>
         <value>0x12749</value>
         <object_component_ref idref="oc-8c"/>
      </symbol>
      <symbol id="sm-9b2">
         <name>__stack</name>
         <value>0x400</value>
         <object_component_ref idref="oc-182"/>
      </symbol>
      <symbol id="sm-9c1">
         <name>_copy_in</name>
         <value>0x12816</value>
         <object_component_ref idref="oc-1ae"/>
      </symbol>
      <symbol id="sm-9d3">
         <name>_memcpy</name>
         <value>0x1283a</value>
         <object_component_ref idref="oc-1b8"/>
      </symbol>
      <symbol id="sm-9e0">
         <name>__system_pre_init</name>
         <value>0x1287a</value>
         <object_component_ref idref="oc-1ad"/>
      </symbol>
      <symbol id="sm-9ee">
         <name>__system_post_cinit</name>
         <value>0x1287c</value>
         <object_component_ref idref="oc-1af"/>
      </symbol>
      <symbol id="sm-a03">
         <name>C$$EXIT</name>
         <value>0x1279f</value>
         <object_component_ref idref="oc-1b1"/>
      </symbol>
      <symbol id="sm-a04">
         <name>_exit</name>
         <value>0x127a1</value>
         <object_component_ref idref="oc-1b1"/>
      </symbol>
      <symbol id="sm-a06">
         <name>___TI_cleanup_ptr</name>
         <value>0x17fb0</value>
         <object_component_ref idref="oc-19e"/>
      </symbol>
      <symbol id="sm-a07">
         <name>___TI_enable_exit_profile_output</name>
         <value>0x17fae</value>
         <object_component_ref idref="oc-19e"/>
      </symbol>
      <symbol id="sm-a08">
         <name>_abort</name>
         <value>0x1279f</value>
         <object_component_ref idref="oc-1b1"/>
      </symbol>
      <symbol id="sm-a0a">
         <name>___TI_dtors_ptr</name>
         <value>0x17fb2</value>
         <object_component_ref idref="oc-19e"/>
      </symbol>
      <symbol id="sm-a1e">
         <name>__unlock</name>
         <value>0x17fbc</value>
         <object_component_ref idref="oc-1e7"/>
      </symbol>
      <symbol id="sm-a1f">
         <name>__lock</name>
         <value>0x17f3e</value>
         <object_component_ref idref="oc-1ba"/>
      </symbol>
      <symbol id="sm-a20">
         <name>__register_lock</name>
         <value>0x1286d</value>
         <object_component_ref idref="oc-1cb"/>
      </symbol>
      <symbol id="sm-a22">
         <name>__nop</name>
         <value>0x12871</value>
         <object_component_ref idref="oc-1cb"/>
      </symbol>
      <symbol id="sm-a24">
         <name>__register_unlock</name>
         <value>0x12869</value>
         <object_component_ref idref="oc-1cb"/>
      </symbol>
      <symbol id="sm-a34">
         <name>__args_main</name>
         <value>0x12857</value>
         <object_component_ref idref="oc-1b0"/>
      </symbol>
   </symbol_table>
   <title>Link successful</title>
</link_info>
