******************************************************************************
             TMS320C2000 Linker PC v20.2.5                     
******************************************************************************
>> Linked Sun Mar  9 22:27:25 2025

OUTPUT FILE NAME:   <BBB_F28379D_CAN.out>
ENTRY POINT SYMBOL: "_c_int00"  address: 0000f930


MEMORY CONFIGURATION

         name            origin    length      used     unused   attr    fill
----------------------  --------  ---------  --------  --------  ----  --------
PAGE 0:
  BEGIN                 00000000   00000002  00000002  00000000  RWIX
  RAMM0                 00000123   000002dd  00000029  000002b4  RWIX
  RAMLS0                00008000   00004000  00000000  00004000  RWIX
  FLASHA                00080002   00001ffe  00000000  00001ffe  RWIX
  FLASHB                00082000   00002000  00000000  00002000  RWIX
  FLASHC                00084000   00002000  00000000  00002000  RWIX
  FLASHD                00086000   00002000  00000000  00002000  RWIX
  FLASHE                00088000   00008000  00000000  00008000  RWIX
  FLASHF                00090000   00008000  00000000  00008000  RWIX
  FLASHG                00098000   00008000  00000000  00008000  RWIX
  FLASHH                000a0000   00008000  00000000  00008000  RWIX
  FLASHI                000a8000   00008000  00000000  00008000  RWIX
  FLASHJ                000b0000   00008000  00000000  00008000  RWIX
  FLASHK                000b8000   00002000  00000000  00002000  RWIX
  FLASHL                000ba000   00002000  00000000  00002000  RWIX
  FLASHM                000bc000   00002000  00000000  00002000  RWIX
  FLASHN                000be000   00001ff0  00000000  00001ff0  RWIX
  RESET                 003fffc0   00000002  00000000  00000002  RWIX

PAGE 1:
  BOOT_RSVD             00000002   00000121  00000000  00000121  RWIX
  RAMM1                 00000400   000003f8  00000200  000001f8  RWIX
  ADCARESULT            00000b00   00000018  00000018  00000000  RWIX
  ADCBRESULT            00000b20   00000018  00000018  00000000  RWIX
  ADCCRESULT            00000b40   00000018  00000018  00000000  RWIX
  ADCDRESULT            00000b60   00000018  00000018  00000000  RWIX
  CPUTIMER0             00000c00   00000008  00000008  00000000  RWIX
  CPUTIMER1             00000c08   00000008  00000008  00000000  RWIX
  CPUTIMER2             00000c10   00000008  00000008  00000000  RWIX
  PIECTRL               00000ce0   0000001a  0000001a  00000000  RWIX
  PIEVECTTABLE          00000d00   00000200  000001c0  00000040  RWIX
  DMA                   00001000   00000200  000000e0  00000120  RWIX
  CLA1                  00001400   00000080  0000003e  00000042  RWIX
  CLB1LOGICCFG          00003000   00000052  0000003e  00000014  RWIX
  CLB1LOGICCTRL         00003100   00000040  00000040  00000000  RWIX
  CLB1DATAEXCH          00003200   00000200  00000108  000000f8  RWIX
  CLB2LOGICCFG          00003400   00000052  0000003e  00000014  RWIX
  CLB2LOGICCTRL         00003500   00000040  00000040  00000000  RWIX
  CLB2DATAEXCH          00003600   00000200  00000108  000000f8  RWIX
  CLB3LOGICCFG          00003800   00000052  0000003e  00000014  RWIX
  CLB3LOGICCTRL         00003900   00000040  00000040  00000000  RWIX
  CLB3DATAEXCH          00003a00   00000200  00000108  000000f8  RWIX
  CLB4LOGICCFG          00003c00   00000052  0000003e  00000014  RWIX
  CLB4LOGICCTRL         00003d00   00000040  00000040  00000000  RWIX
  CLB4DATAEXCH          00003e00   00000200  00000108  000000f8  RWIX
  EPWM1                 00004000   00000100  00000100  00000000  RWIX
  EPWM2                 00004100   00000100  00000100  00000000  RWIX
  EPWM3                 00004200   00000100  00000100  00000000  RWIX
  EPWM4                 00004300   00000100  00000100  00000000  RWIX
  EPWM5                 00004400   00000100  00000100  00000000  RWIX
  EPWM6                 00004500   00000100  00000100  00000000  RWIX
  EPWM7                 00004600   00000100  00000100  00000000  RWIX
  EPWM8                 00004700   00000100  00000100  00000000  RWIX
  EPWM9                 00004800   00000100  00000100  00000000  RWIX
  EPWM10                00004900   00000100  00000100  00000000  RWIX
  EPWM11                00004a00   00000100  00000100  00000000  RWIX
  EPWM12                00004b00   00000100  00000100  00000000  RWIX
  ECAP1                 00005000   00000020  0000001a  00000006  RWIX
  ECAP2                 00005020   00000020  0000001a  00000006  RWIX
  ECAP3                 00005040   00000020  0000001a  00000006  RWIX
  ECAP4                 00005060   00000020  0000001a  00000006  RWIX
  ECAP5                 00005080   00000020  0000001a  00000006  RWIX
  ECAP6                 000050a0   00000020  0000001a  00000006  RWIX
  EQEP1                 00005100   00000022  00000022  00000000  RWIX
  EQEP2                 00005140   00000022  00000022  00000000  RWIX
  EQEP3                 00005180   00000022  00000022  00000000  RWIX
  DACA                  00005c00   00000008  00000007  00000001  RWIX
  DACB                  00005c10   00000008  00000007  00000001  RWIX
  DACC                  00005c20   00000008  00000007  00000001  RWIX
  CMPSS1                00005c80   00000020  0000001b  00000005  RWIX
  CMPSS2                00005ca0   00000020  0000001b  00000005  RWIX
  CMPSS3                00005cc0   00000020  0000001b  00000005  RWIX
  CMPSS4                00005ce0   00000020  0000001b  00000005  RWIX
  CMPSS5                00005d00   00000020  0000001b  00000005  RWIX
  CMPSS6                00005d20   00000020  0000001b  00000005  RWIX
  CMPSS7                00005d40   00000020  0000001b  00000005  RWIX
  CMPSS8                00005d60   00000020  0000001b  00000005  RWIX
  SDFM1                 00005e00   00000080  00000048  00000038  RWIX
  SDFM2                 00005e80   00000080  00000048  00000038  RWIX
  MCBSPA                00006000   00000024  00000024  00000000  RWIX
  MCBSPB                00006040   00000024  00000024  00000000  RWIX
  SPIA                  00006100   00000010  00000010  00000000  RWIX
  SPIB                  00006110   00000010  00000010  00000000  RWIX
  SPIC                  00006120   00000010  00000010  00000000  RWIX
  UPP                   00006200   00000048  00000048  00000000  RWIX
  WD                    00007000   0000002b  0000002b  00000000  RWIX
  NMIINTRUPT            00007060   00000007  00000007  00000000  RWIX
  XINT                  00007070   0000000b  0000000b  00000000  RWIX
  SCIA                  00007200   00000010  00000010  00000000  RWIX
  SCIB                  00007210   00000010  00000010  00000000  RWIX
  SCIC                  00007220   00000010  00000010  00000000  RWIX
  SCID                  00007230   00000010  00000010  00000000  RWIX
  I2CA                  00007300   00000022  00000022  00000000  RWIX
  I2CB                  00007340   00000022  00000022  00000000  RWIX
  ADCA                  00007400   00000080  0000007c  00000004  RWIX
  ADCB                  00007480   00000080  0000007c  00000004  RWIX
  ADCC                  00007500   00000080  0000007c  00000004  RWIX
  ADCD                  00007580   00000080  0000007c  00000004  RWIX
  INPUTXBAR             00007900   00000020  00000020  00000000  RWIX
  XBAR                  00007920   00000020  0000000e  00000012  RWIX
  SYNCSOC               00007940   00000006  00000006  00000000  RWIX
  DMACLASRCSEL          00007980   0000001a  0000001a  00000000  RWIX
  EPWMXBAR              00007a00   00000040  00000040  00000000  RWIX
  CLBXBAR               00007a40   00000040  00000040  00000000  RWIX
  OUTPUTXBAR            00007a80   00000040  00000040  00000000  RWIX
  GPIOCTRL              00007c00   00000180  00000180  00000000  RWIX
  GPIODATA              00007f00   00000030  00000030  00000000  RWIX
  RAMGS0                0000c000   00001000  00000000  00001000  RWIX
  RAMGS1                0000d000   00001000  00000000  00001000  RWIX
  RAMGS2                0000e000   00005000  00001ad0  00003530  RWIX
  RAMGS7                00013000   00001000  00000000  00001000  RWIX
  RAMGS8                00014000   00001000  00000000  00001000  RWIX
  RAMGS9                00015000   00001000  00000000  00001000  RWIX
  RAMGS10               00016000   00001000  00000000  00001000  RWIX
  RAMGS11               00017000   00001000  0000020f  00000df1  RWIX
  RAMGS12               00018000   00001000  00000000  00001000  RWIX
  RAMGS13               00019000   00001000  00000000  00001000  RWIX
  RAMGS14               0001a000   00001000  00000000  00001000  RWIX
  RAMGS15               0001b000   00000ff8  00000000  00000ff8  RWIX
  CPU2TOCPU1RAM         0003f800   00000400  00000000  00000400  RWIX
  CPU1TOCPU2RAM         0003fc00   00000400  00000000  00000400  RWIX
  EMIF1                 00047000   00000070  00000028  00000048  RWIX
  EMIF2                 00047800   00000070  00000028  00000048  RWIX
  CANA                  00048000   00000200  00000164  0000009c  RWIX
  CANA_MSG_RAM          00049000   00000800  00000000  00000800  RWIX
  CANB                  0004a000   00000200  00000164  0000009c  RWIX
  CANB_MSG_RAM          0004b000   00000800  00000000  00000800  RWIX
  IPC                   00050000   00000024  00000024  00000000  RWIX
  FLASHPUMPSEMAPHORE    00050024   00000002  00000002  00000000  RWIX
  DEVCFG                0005d000   0000012e  0000012e  00000000  RWIX
  ANALOGSUBSYS          0005d180   00000048  0000003e  0000000a  RWIX
  CLKCFG                0005d200   00000032  00000032  00000000  RWIX
  CPUSYS                0005d300   00000082  00000082  00000000  RWIX
  ROMPREFETCH           0005e608   00000002  00000002  00000000  RWIX
  DCSMZ1                0005f000   00000024  00000022  00000002  RWIX
  DCSMZ2                0005f040   00000024  00000022  00000002  RWIX
  DCSMCOMMON            0005f070   00000008  00000006  00000002  RWIX
  MEMCFG                0005f400   00000080  00000076  0000000a  RWIX
  EMIF1CONFIG           0005f480   00000020  0000000a  00000016  RWIX
  EMIF2CONFIG           0005f4a0   00000020  0000000a  00000016  RWIX
  ACCESSPROTECTION      0005f4c0   00000040  0000002e  00000012  RWIX
  MEMORYERROR           0005f500   00000040  0000003a  00000006  RWIX
  ROMWAITSTATE          0005f540   00000002  00000002  00000000  RWIX
  FLASH0CTRL            0005f800   00000182  00000182  00000000  RWIX
  FLASH0ECC             0005fb00   00000028  00000028  00000000  RWIX


SECTION ALLOCATION MAP

 output                                  attributes/
section   page    origin      length       input sections
--------  ----  ----------  ----------   ----------------
codestart 
*          0    00000000    00000002     
                  00000000    00000002     F2837xD_CodeStartBranch.obj (codestart)

.cinit     0    00000123    00000025     
                  00000123    0000000e     rts2800_fpu32.lib : exit.c.obj (.cinit)
                  00000131    0000000b     setup.obj (.cinit:_TxCANMsg)
                  0000013c    00000005     rts2800_fpu32.lib : _lock.c.obj (.cinit:__lock)
                  00000141    00000005                       : _lock.c.obj (.cinit:__unlock)
                  00000146    00000002     --HOLE-- [fill = 0]

.text      1    0000e000    00001ad0     
                  0000e000    00000585     F2837xD_DefaultISR.obj (.text:retain)
                  0000e585    00000522     can.obj (.text)
                  0000eaa7    000004aa     F2837xD_SysCtrl.obj (.text)
                  0000ef51    00000465     setup.obj (.text)
                  0000f3b6    00000244     F2837xD_Gpio.obj (.text)
                  0000f5fa    000001ca     interrupt.obj (.text)
                  0000f7c4    000000f0     F2837xD_Adc.obj (.text)
                  0000f8b4    0000007c     F2837xD_CpuTimers.obj (.text)
                  0000f930    00000056     rts2800_fpu32.lib : boot28.asm.obj (.text)
                  0000f986    00000037     main.obj (.text)
                  0000f9bd    00000029     rts2800_fpu32.lib : exit.c.obj (.text)
                  0000f9e6    00000028     F2837xD_PieCtrl.obj (.text)
                  0000fa0e    00000026     F2837xD_PieVect.obj (.text)
                  0000fa34    00000026     main.obj (.text:retain)
                  0000fa5a    00000024     rts2800_fpu32.lib : cpy_tbl.c.obj (.text)
                  0000fa7e    0000001d                       : memcpy.c.obj (.text)
                  0000fa9b    00000012                       : args_main.c.obj (.text)
                  0000faad    0000000f     interrupt.obj (.text:retain)
                  0000fabc    00000009     rts2800_fpu32.lib : _lock.c.obj (.text)
                  0000fac5    00000008     F2837xD_CodeStartBranch.obj (.text)
                  0000facd    00000002     rts2800_fpu32.lib : pre_init.c.obj (.text)
                  0000facf    00000001                       : startup.c.obj (.text)

.reset     0    003fffc0    00000002     DSECT
                  003fffc0    00000002     rts2800_fpu32.lib : boot28.asm.obj (.reset)

.stack     1    00000400    00000200     UNINITIALIZED
                  00000400    00000200     --HOLE--

.pinit     0    00000123    00000000     UNINITIALIZED

AdcaResultRegsFile 
*          1    00000b00    00000018     UNINITIALIZED
                  00000b00    00000018     F2837xD_GlobalVariableDefs.obj (AdcaResultRegsFile)

AdcbResultRegsFile 
*          1    00000b20    00000018     UNINITIALIZED
                  00000b20    00000018     F2837xD_GlobalVariableDefs.obj (AdcbResultRegsFile)

AdccResultRegsFile 
*          1    00000b40    00000018     UNINITIALIZED
                  00000b40    00000018     F2837xD_GlobalVariableDefs.obj (AdccResultRegsFile)

AdcdResultRegsFile 
*          1    00000b60    00000018     UNINITIALIZED
                  00000b60    00000018     F2837xD_GlobalVariableDefs.obj (AdcdResultRegsFile)

CpuTimer0RegsFile 
*          1    00000c00    00000008     UNINITIALIZED
                  00000c00    00000008     F2837xD_GlobalVariableDefs.obj (CpuTimer0RegsFile)

CpuTimer1RegsFile 
*          1    00000c08    00000008     UNINITIALIZED
                  00000c08    00000008     F2837xD_GlobalVariableDefs.obj (CpuTimer1RegsFile)

CpuTimer2RegsFile 
*          1    00000c10    00000008     UNINITIALIZED
                  00000c10    00000008     F2837xD_GlobalVariableDefs.obj (CpuTimer2RegsFile)

PieCtrlRegsFile 
*          1    00000ce0    0000001a     UNINITIALIZED
                  00000ce0    0000001a     F2837xD_GlobalVariableDefs.obj (PieCtrlRegsFile)

DmaRegsFile 
*          1    00001000    000000e0     UNINITIALIZED
                  00001000    000000e0     F2837xD_GlobalVariableDefs.obj (DmaRegsFile)

Cla1RegsFile 
*          1    00001400    0000003e     UNINITIALIZED
                  00001400    0000003e     F2837xD_GlobalVariableDefs.obj (Cla1RegsFile)

Clb1LogicCfgRegsFile 
*          1    00003000    0000003e     UNINITIALIZED
                  00003000    0000003e     F2837xD_GlobalVariableDefs.obj (Clb1LogicCfgRegsFile)

Clb1LogicCtrlRegsFile 
*          1    00003100    00000040     UNINITIALIZED
                  00003100    00000040     F2837xD_GlobalVariableDefs.obj (Clb1LogicCtrlRegsFile)

Clb1DataExchRegsFile 
*          1    00003200    00000108     UNINITIALIZED
                  00003200    00000108     F2837xD_GlobalVariableDefs.obj (Clb1DataExchRegsFile)

Clb2LogicCfgRegsFile 
*          1    00003400    0000003e     UNINITIALIZED
                  00003400    0000003e     F2837xD_GlobalVariableDefs.obj (Clb2LogicCfgRegsFile)

Clb2LogicCtrlRegsFile 
*          1    00003500    00000040     UNINITIALIZED
                  00003500    00000040     F2837xD_GlobalVariableDefs.obj (Clb2LogicCtrlRegsFile)

Clb2DataExchRegsFile 
*          1    00003600    00000108     UNINITIALIZED
                  00003600    00000108     F2837xD_GlobalVariableDefs.obj (Clb2DataExchRegsFile)

Clb3LogicCfgRegsFile 
*          1    00003800    0000003e     UNINITIALIZED
                  00003800    0000003e     F2837xD_GlobalVariableDefs.obj (Clb3LogicCfgRegsFile)

Clb3LogicCtrlRegsFile 
*          1    00003900    00000040     UNINITIALIZED
                  00003900    00000040     F2837xD_GlobalVariableDefs.obj (Clb3LogicCtrlRegsFile)

Clb3DataExchRegsFile 
*          1    00003a00    00000108     UNINITIALIZED
                  00003a00    00000108     F2837xD_GlobalVariableDefs.obj (Clb3DataExchRegsFile)

Clb4LogicCfgRegsFile 
*          1    00003c00    0000003e     UNINITIALIZED
                  00003c00    0000003e     F2837xD_GlobalVariableDefs.obj (Clb4LogicCfgRegsFile)

Clb4LogicCtrlRegsFile 
*          1    00003d00    00000040     UNINITIALIZED
                  00003d00    00000040     F2837xD_GlobalVariableDefs.obj (Clb4LogicCtrlRegsFile)

Clb4DataExchRegsFile 
*          1    00003e00    00000108     UNINITIALIZED
                  00003e00    00000108     F2837xD_GlobalVariableDefs.obj (Clb4DataExchRegsFile)

EPwm1RegsFile 
*          1    00004000    00000100     UNINITIALIZED
                  00004000    00000100     F2837xD_GlobalVariableDefs.obj (EPwm1RegsFile)

EPwm2RegsFile 
*          1    00004100    00000100     UNINITIALIZED
                  00004100    00000100     F2837xD_GlobalVariableDefs.obj (EPwm2RegsFile)

EPwm3RegsFile 
*          1    00004200    00000100     UNINITIALIZED
                  00004200    00000100     F2837xD_GlobalVariableDefs.obj (EPwm3RegsFile)

EPwm4RegsFile 
*          1    00004300    00000100     UNINITIALIZED
                  00004300    00000100     F2837xD_GlobalVariableDefs.obj (EPwm4RegsFile)

EPwm5RegsFile 
*          1    00004400    00000100     UNINITIALIZED
                  00004400    00000100     F2837xD_GlobalVariableDefs.obj (EPwm5RegsFile)

EPwm6RegsFile 
*          1    00004500    00000100     UNINITIALIZED
                  00004500    00000100     F2837xD_GlobalVariableDefs.obj (EPwm6RegsFile)

EPwm7RegsFile 
*          1    00004600    00000100     UNINITIALIZED
                  00004600    00000100     F2837xD_GlobalVariableDefs.obj (EPwm7RegsFile)

EPwm8RegsFile 
*          1    00004700    00000100     UNINITIALIZED
                  00004700    00000100     F2837xD_GlobalVariableDefs.obj (EPwm8RegsFile)

EPwm9RegsFile 
*          1    00004800    00000100     UNINITIALIZED
                  00004800    00000100     F2837xD_GlobalVariableDefs.obj (EPwm9RegsFile)

EPwm10RegsFile 
*          1    00004900    00000100     UNINITIALIZED
                  00004900    00000100     F2837xD_GlobalVariableDefs.obj (EPwm10RegsFile)

EPwm11RegsFile 
*          1    00004a00    00000100     UNINITIALIZED
                  00004a00    00000100     F2837xD_GlobalVariableDefs.obj (EPwm11RegsFile)

EPwm12RegsFile 
*          1    00004b00    00000100     UNINITIALIZED
                  00004b00    00000100     F2837xD_GlobalVariableDefs.obj (EPwm12RegsFile)

ECap1RegsFile 
*          1    00005000    0000001a     UNINITIALIZED
                  00005000    0000001a     F2837xD_GlobalVariableDefs.obj (ECap1RegsFile)

ECap2RegsFile 
*          1    00005020    0000001a     UNINITIALIZED
                  00005020    0000001a     F2837xD_GlobalVariableDefs.obj (ECap2RegsFile)

ECap3RegsFile 
*          1    00005040    0000001a     UNINITIALIZED
                  00005040    0000001a     F2837xD_GlobalVariableDefs.obj (ECap3RegsFile)

ECap4RegsFile 
*          1    00005060    0000001a     UNINITIALIZED
                  00005060    0000001a     F2837xD_GlobalVariableDefs.obj (ECap4RegsFile)

ECap5RegsFile 
*          1    00005080    0000001a     UNINITIALIZED
                  00005080    0000001a     F2837xD_GlobalVariableDefs.obj (ECap5RegsFile)

ECap6RegsFile 
*          1    000050a0    0000001a     UNINITIALIZED
                  000050a0    0000001a     F2837xD_GlobalVariableDefs.obj (ECap6RegsFile)

EQep1RegsFile 
*          1    00005100    00000022     UNINITIALIZED
                  00005100    00000022     F2837xD_GlobalVariableDefs.obj (EQep1RegsFile)

EQep2RegsFile 
*          1    00005140    00000022     UNINITIALIZED
                  00005140    00000022     F2837xD_GlobalVariableDefs.obj (EQep2RegsFile)

EQep3RegsFile 
*          1    00005180    00000022     UNINITIALIZED
                  00005180    00000022     F2837xD_GlobalVariableDefs.obj (EQep3RegsFile)

DacaRegsFile 
*          1    00005c00    00000007     UNINITIALIZED
                  00005c00    00000007     F2837xD_GlobalVariableDefs.obj (DacaRegsFile)

DacbRegsFile 
*          1    00005c10    00000007     UNINITIALIZED
                  00005c10    00000007     F2837xD_GlobalVariableDefs.obj (DacbRegsFile)

DaccRegsFile 
*          1    00005c20    00000007     UNINITIALIZED
                  00005c20    00000007     F2837xD_GlobalVariableDefs.obj (DaccRegsFile)

Cmpss1RegsFile 
*          1    00005c80    0000001b     UNINITIALIZED
                  00005c80    0000001b     F2837xD_GlobalVariableDefs.obj (Cmpss1RegsFile)

Cmpss2RegsFile 
*          1    00005ca0    0000001b     UNINITIALIZED
                  00005ca0    0000001b     F2837xD_GlobalVariableDefs.obj (Cmpss2RegsFile)

Cmpss3RegsFile 
*          1    00005cc0    0000001b     UNINITIALIZED
                  00005cc0    0000001b     F2837xD_GlobalVariableDefs.obj (Cmpss3RegsFile)

Cmpss4RegsFile 
*          1    00005ce0    0000001b     UNINITIALIZED
                  00005ce0    0000001b     F2837xD_GlobalVariableDefs.obj (Cmpss4RegsFile)

Cmpss5RegsFile 
*          1    00005d00    0000001b     UNINITIALIZED
                  00005d00    0000001b     F2837xD_GlobalVariableDefs.obj (Cmpss5RegsFile)

Cmpss6RegsFile 
*          1    00005d20    0000001b     UNINITIALIZED
                  00005d20    0000001b     F2837xD_GlobalVariableDefs.obj (Cmpss6RegsFile)

Cmpss7RegsFile 
*          1    00005d40    0000001b     UNINITIALIZED
                  00005d40    0000001b     F2837xD_GlobalVariableDefs.obj (Cmpss7RegsFile)

Cmpss8RegsFile 
*          1    00005d60    0000001b     UNINITIALIZED
                  00005d60    0000001b     F2837xD_GlobalVariableDefs.obj (Cmpss8RegsFile)

Sdfm1RegsFile 
*          1    00005e00    00000048     UNINITIALIZED
                  00005e00    00000048     F2837xD_GlobalVariableDefs.obj (Sdfm1RegsFile)

Sdfm2RegsFile 
*          1    00005e80    00000048     UNINITIALIZED
                  00005e80    00000048     F2837xD_GlobalVariableDefs.obj (Sdfm2RegsFile)

McbspaRegsFile 
*          1    00006000    00000024     UNINITIALIZED
                  00006000    00000024     F2837xD_GlobalVariableDefs.obj (McbspaRegsFile)

McbspbRegsFile 
*          1    00006040    00000024     UNINITIALIZED
                  00006040    00000024     F2837xD_GlobalVariableDefs.obj (McbspbRegsFile)

SpiaRegsFile 
*          1    00006100    00000010     UNINITIALIZED
                  00006100    00000010     F2837xD_GlobalVariableDefs.obj (SpiaRegsFile)

SpibRegsFile 
*          1    00006110    00000010     UNINITIALIZED
                  00006110    00000010     F2837xD_GlobalVariableDefs.obj (SpibRegsFile)

SpicRegsFile 
*          1    00006120    00000010     UNINITIALIZED
                  00006120    00000010     F2837xD_GlobalVariableDefs.obj (SpicRegsFile)

UppRegsFile 
*          1    00006200    00000048     UNINITIALIZED
                  00006200    00000048     F2837xD_GlobalVariableDefs.obj (UppRegsFile)

WdRegsFile 
*          1    00007000    0000002b     UNINITIALIZED
                  00007000    0000002b     F2837xD_GlobalVariableDefs.obj (WdRegsFile)

NmiIntruptRegsFile 
*          1    00007060    00000007     UNINITIALIZED
                  00007060    00000007     F2837xD_GlobalVariableDefs.obj (NmiIntruptRegsFile)

XintRegsFile 
*          1    00007070    0000000b     UNINITIALIZED
                  00007070    0000000b     F2837xD_GlobalVariableDefs.obj (XintRegsFile)

SciaRegsFile 
*          1    00007200    00000010     UNINITIALIZED
                  00007200    00000010     F2837xD_GlobalVariableDefs.obj (SciaRegsFile)

ScibRegsFile 
*          1    00007210    00000010     UNINITIALIZED
                  00007210    00000010     F2837xD_GlobalVariableDefs.obj (ScibRegsFile)

ScicRegsFile 
*          1    00007220    00000010     UNINITIALIZED
                  00007220    00000010     F2837xD_GlobalVariableDefs.obj (ScicRegsFile)

ScidRegsFile 
*          1    00007230    00000010     UNINITIALIZED
                  00007230    00000010     F2837xD_GlobalVariableDefs.obj (ScidRegsFile)

I2caRegsFile 
*          1    00007300    00000022     UNINITIALIZED
                  00007300    00000022     F2837xD_GlobalVariableDefs.obj (I2caRegsFile)

I2cbRegsFile 
*          1    00007340    00000022     UNINITIALIZED
                  00007340    00000022     F2837xD_GlobalVariableDefs.obj (I2cbRegsFile)

AdcaRegsFile 
*          1    00007400    0000007c     UNINITIALIZED
                  00007400    0000007c     F2837xD_GlobalVariableDefs.obj (AdcaRegsFile)

AdcbRegsFile 
*          1    00007480    0000007c     UNINITIALIZED
                  00007480    0000007c     F2837xD_GlobalVariableDefs.obj (AdcbRegsFile)

AdccRegsFile 
*          1    00007500    0000007c     UNINITIALIZED
                  00007500    0000007c     F2837xD_GlobalVariableDefs.obj (AdccRegsFile)

AdcdRegsFile 
*          1    00007580    0000007c     UNINITIALIZED
                  00007580    0000007c     F2837xD_GlobalVariableDefs.obj (AdcdRegsFile)

InputXbarRegsFile 
*          1    00007900    00000020     UNINITIALIZED
                  00007900    00000020     F2837xD_GlobalVariableDefs.obj (InputXbarRegsFile)

XbarRegsFile 
*          1    00007920    0000000e     UNINITIALIZED
                  00007920    0000000e     F2837xD_GlobalVariableDefs.obj (XbarRegsFile)

SyncSocRegsFile 
*          1    00007940    00000006     UNINITIALIZED
                  00007940    00000006     F2837xD_GlobalVariableDefs.obj (SyncSocRegsFile)

DmaClaSrcSelRegsFile 
*          1    00007980    0000001a     UNINITIALIZED
                  00007980    0000001a     F2837xD_GlobalVariableDefs.obj (DmaClaSrcSelRegsFile)

EPwmXbarRegsFile 
*          1    00007a00    00000040     UNINITIALIZED
                  00007a00    00000040     F2837xD_GlobalVariableDefs.obj (EPwmXbarRegsFile)

ClbXbarRegsFile 
*          1    00007a40    00000040     UNINITIALIZED
                  00007a40    00000040     F2837xD_GlobalVariableDefs.obj (ClbXbarRegsFile)

OutputXbarRegsFile 
*          1    00007a80    00000040     UNINITIALIZED
                  00007a80    00000040     F2837xD_GlobalVariableDefs.obj (OutputXbarRegsFile)

GpioCtrlRegsFile 
*          1    00007c00    00000180     UNINITIALIZED
                  00007c00    00000180     F2837xD_GlobalVariableDefs.obj (GpioCtrlRegsFile)

GpioDataRegsFile 
*          1    00007f00    00000030     UNINITIALIZED
                  00007f00    00000030     F2837xD_GlobalVariableDefs.obj (GpioDataRegsFile)

.econst    1    00017000    000001c9     
                  00017000    000001c0     F2837xD_PieVect.obj (.econst:_PieVectTableInit)
                  000171c0    00000009     can.obj (.econst:_g_ui16CANBitValues)

.TI.ramfunc 
*          0    00000148    00000004     
                  00000148    00000004     F2837xD_usDelay.obj (.TI.ramfunc)

GETBUFFER 
*          0    0003f800    00000000     DSECT

GETWRITEIDX 
*          0    0003f800    00000000     DSECT

PUTREADIDX 
*          0    0003f800    00000000     DSECT

PieVectTableFile 
*          1    00000d00    000001c0     UNINITIALIZED
                  00000d00    000001c0     F2837xD_GlobalVariableDefs.obj (PieVectTableFile)

EmuKeyVar 
*          1    00000d00    00000000     UNINITIALIZED

EmuBModeVar 
*          1    00000d00    00000000     UNINITIALIZED

EmuBootPinsVar 
*          1    00000d00    00000000     UNINITIALIZED

FlashCallbackVar 
*          1    00000d00    00000000     UNINITIALIZED

FlashScalingVar 
*          1    00000d00    00000000     UNINITIALIZED

Emif1RegsFile 
*          1    00047000    00000028     UNINITIALIZED
                  00047000    00000028     F2837xD_GlobalVariableDefs.obj (Emif1RegsFile)

Emif2RegsFile 
*          1    00047800    00000028     UNINITIALIZED
                  00047800    00000028     F2837xD_GlobalVariableDefs.obj (Emif2RegsFile)

CanaRegsFile 
*          1    00048000    00000164     UNINITIALIZED
                  00048000    00000164     F2837xD_GlobalVariableDefs.obj (CanaRegsFile)

CanbRegsFile 
*          1    0004a000    00000164     UNINITIALIZED
                  0004a000    00000164     F2837xD_GlobalVariableDefs.obj (CanbRegsFile)

IpcRegsFile 
*          1    00050000    00000024     UNINITIALIZED
                  00050000    00000024     F2837xD_GlobalVariableDefs.obj (IpcRegsFile)

FlashPumpSemaphoreRegsFile 
*          1    00050024    00000002     UNINITIALIZED
                  00050024    00000002     F2837xD_GlobalVariableDefs.obj (FlashPumpSemaphoreRegsFile)

DevCfgRegsFile 
*          1    0005d000    0000012e     UNINITIALIZED
                  0005d000    0000012e     F2837xD_GlobalVariableDefs.obj (DevCfgRegsFile)

AnalogSubsysRegsFile 
*          1    0005d180    0000003e     UNINITIALIZED
                  0005d180    0000003e     F2837xD_GlobalVariableDefs.obj (AnalogSubsysRegsFile)

ClkCfgRegsFile 
*          1    0005d200    00000032     UNINITIALIZED
                  0005d200    00000032     F2837xD_GlobalVariableDefs.obj (ClkCfgRegsFile)

CpuSysRegsFile 
*          1    0005d300    00000082     UNINITIALIZED
                  0005d300    00000082     F2837xD_GlobalVariableDefs.obj (CpuSysRegsFile)

DcsmZ1RegsFile 
*          1    0005f000    00000022     UNINITIALIZED
                  0005f000    00000022     F2837xD_GlobalVariableDefs.obj (DcsmZ1RegsFile)

DcsmZ2RegsFile 
*          1    0005f040    00000022     UNINITIALIZED
                  0005f040    00000022     F2837xD_GlobalVariableDefs.obj (DcsmZ2RegsFile)

DcsmCommonRegsFile 
*          1    0005f070    00000006     UNINITIALIZED
                  0005f070    00000006     F2837xD_GlobalVariableDefs.obj (DcsmCommonRegsFile)

MemCfgRegsFile 
*          1    0005f400    00000076     UNINITIALIZED
                  0005f400    00000076     F2837xD_GlobalVariableDefs.obj (MemCfgRegsFile)

Emif1ConfigRegsFile 
*          1    0005f480    0000000a     UNINITIALIZED
                  0005f480    0000000a     F2837xD_GlobalVariableDefs.obj (Emif1ConfigRegsFile)

Emif2ConfigRegsFile 
*          1    0005f4a0    0000000a     UNINITIALIZED
                  0005f4a0    0000000a     F2837xD_GlobalVariableDefs.obj (Emif2ConfigRegsFile)

AccessProtectionRegsFile 
*          1    0005f4c0    0000002e     UNINITIALIZED
                  0005f4c0    0000002e     F2837xD_GlobalVariableDefs.obj (AccessProtectionRegsFile)

MemoryErrorRegsFile 
*          1    0005f500    0000003a     UNINITIALIZED
                  0005f500    0000003a     F2837xD_GlobalVariableDefs.obj (MemoryErrorRegsFile)

Flash0CtrlRegsFile 
*          1    0005f800    00000182     UNINITIALIZED
                  0005f800    00000182     F2837xD_GlobalVariableDefs.obj (Flash0CtrlRegsFile)

Flash0EccRegsFile 
*          1    0005fb00    00000028     UNINITIALIZED
                  0005fb00    00000028     F2837xD_GlobalVariableDefs.obj (Flash0EccRegsFile)

RomPrefetchRegsFile 
*          1    0005e608    00000002     UNINITIALIZED
                  0005e608    00000002     F2837xD_GlobalVariableDefs.obj (RomPrefetchRegsFile)

RomWaitStateRegsFile 
*          1    0005f540    00000002     UNINITIALIZED
                  0005f540    00000002     F2837xD_GlobalVariableDefs.obj (RomWaitStateRegsFile)

.ebss      1    000171ca    00000046     UNINITIALIZED
                  000171ca    00000018     F2837xD_CpuTimers.obj (.ebss)
                  000171e2    00000014     setup.obj (.ebss)
                  000171f6    00000008     setup.obj (.ebss:_RxCANMsg)
                  000171fe    00000002     rts2800_fpu32.lib : _lock.c.obj (.ebss:__lock)
                  00017200    00000008     setup.obj (.ebss:_TxCANMsg)
                  00017208    00000006     rts2800_fpu32.lib : exit.c.obj (.ebss)
                  0001720e    00000002                       : _lock.c.obj (.ebss:__unlock)

MODULE SUMMARY

       Module                           code   initialized data   uninitialized data
       ------                           ----   ----------------   ------------------
    .\
       F2837xD_GlobalVariableDefs.obj   0      0                  9854              
       F2837xD_DefaultISR.obj           1413   0                  0                 
       can.obj                          1314   9                  0                 
       F2837xD_SysCtrl.obj              1194   0                  0                 
       F2837xD_Gpio.obj                 580    0                  0                 
       F2837xD_PieVect.obj              38     448                0                 
       interrupt.obj                    473    0                  0                 
       F2837xD_Adc.obj                  240    0                  0                 
       F2837xD_CpuTimers.obj            124    0                  24                
       main.obj                         93     0                  0                 
       F2837xD_PieCtrl.obj              40     0                  0                 
       F2837xD_CodeStartBranch.obj      10     0                  0                 
       F2837xD_usDelay.obj              4      0                  0                 
    +--+--------------------------------+------+------------------+--------------------+
       Total:                           5523   457                9878              
                                                                                    
    .\application\
       setup.obj                        1125   11                 36                
    +--+--------------------------------+------+------------------+--------------------+
       Total:                           1125   11                 36                
                                                                                    
    C:\ti\ccs1040\ccs\tools\compiler\ti-cgt-c2000_20.2.5.LTS\lib\rts2800_fpu32.lib
       boot28.asm.obj                   86     0                  0                 
       exit.c.obj                       41     14                 6                 
       cpy_tbl.c.obj                    36     0                  0                 
       memcpy.c.obj                     29     0                  0                 
       _lock.c.obj                      9      10                 4                 
       args_main.c.obj                  18     0                  0                 
       pre_init.c.obj                   2      0                  0                 
       startup.c.obj                    1      0                  0                 
    +--+--------------------------------+------+------------------+--------------------+
       Total:                           222    24                 10                
                                                                                    
       Stack:                           0      0                  512               
    +--+--------------------------------+------+------------------+--------------------+
       Grand Total:                     6870   492                10436             


GLOBAL DATA SYMBOLS: SORTED BY DATA PAGE

address     data page           name
--------    ----------------    ----
00000400      10 (00000400)     __stack

00000b00      2c (00000b00)     _AdcaResultRegs
00000b20      2c (00000b00)     _AdcbResultRegs

00000b40      2d (00000b40)     _AdccResultRegs
00000b60      2d (00000b40)     _AdcdResultRegs

00000c00      30 (00000c00)     _CpuTimer0Regs
00000c08      30 (00000c00)     _CpuTimer1Regs
00000c10      30 (00000c00)     _CpuTimer2Regs

00000ce0      33 (00000cc0)     _PieCtrlRegs

00000d00      34 (00000d00)     _PieVectTable

00001000      40 (00001000)     _DmaRegs

00001400      50 (00001400)     _Cla1Regs

00003000      c0 (00003000)     _Clb1LogicCfgRegs

00003100      c4 (00003100)     _Clb1LogicCtrlRegs

00003200      c8 (00003200)     _Clb1DataExchRegs

00003400      d0 (00003400)     _Clb2LogicCfgRegs

00003500      d4 (00003500)     _Clb2LogicCtrlRegs

00003600      d8 (00003600)     _Clb2DataExchRegs

00003800      e0 (00003800)     _Clb3LogicCfgRegs

00003900      e4 (00003900)     _Clb3LogicCtrlRegs

00003a00      e8 (00003a00)     _Clb3DataExchRegs

00003c00      f0 (00003c00)     _Clb4LogicCfgRegs

00003d00      f4 (00003d00)     _Clb4LogicCtrlRegs

00003e00      f8 (00003e00)     _Clb4DataExchRegs

00004000     100 (00004000)     _EPwm1Regs

00004100     104 (00004100)     _EPwm2Regs

00004200     108 (00004200)     _EPwm3Regs

00004300     10c (00004300)     _EPwm4Regs

00004400     110 (00004400)     _EPwm5Regs

00004500     114 (00004500)     _EPwm6Regs

00004600     118 (00004600)     _EPwm7Regs

00004700     11c (00004700)     _EPwm8Regs

00004800     120 (00004800)     _EPwm9Regs

00004900     124 (00004900)     _EPwm10Regs

00004a00     128 (00004a00)     _EPwm11Regs

00004b00     12c (00004b00)     _EPwm12Regs

00005000     140 (00005000)     _ECap1Regs
00005020     140 (00005000)     _ECap2Regs

00005040     141 (00005040)     _ECap3Regs
00005060     141 (00005040)     _ECap4Regs

00005080     142 (00005080)     _ECap5Regs
000050a0     142 (00005080)     _ECap6Regs

00005100     144 (00005100)     _EQep1Regs

00005140     145 (00005140)     _EQep2Regs

00005180     146 (00005180)     _EQep3Regs

00005c00     170 (00005c00)     _DacaRegs
00005c10     170 (00005c00)     _DacbRegs
00005c20     170 (00005c00)     _DaccRegs

00005c80     172 (00005c80)     _Cmpss1Regs
00005ca0     172 (00005c80)     _Cmpss2Regs

00005cc0     173 (00005cc0)     _Cmpss3Regs
00005ce0     173 (00005cc0)     _Cmpss4Regs

00005d00     174 (00005d00)     _Cmpss5Regs
00005d20     174 (00005d00)     _Cmpss6Regs

00005d40     175 (00005d40)     _Cmpss7Regs
00005d60     175 (00005d40)     _Cmpss8Regs

00005e00     178 (00005e00)     _Sdfm1Regs

00005e80     17a (00005e80)     _Sdfm2Regs

00006000     180 (00006000)     _McbspaRegs

00006040     181 (00006040)     _McbspbRegs

00006100     184 (00006100)     _SpiaRegs
00006110     184 (00006100)     _SpibRegs
00006120     184 (00006100)     _SpicRegs

00006200     188 (00006200)     _UppRegs

00007000     1c0 (00007000)     _WdRegs

00007060     1c1 (00007040)     _NmiIntruptRegs
00007070     1c1 (00007040)     _XintRegs

00007200     1c8 (00007200)     _SciaRegs
00007210     1c8 (00007200)     _ScibRegs
00007220     1c8 (00007200)     _ScicRegs
00007230     1c8 (00007200)     _ScidRegs

00007300     1cc (00007300)     _I2caRegs

00007340     1cd (00007340)     _I2cbRegs

00007400     1d0 (00007400)     _AdcaRegs

00007480     1d2 (00007480)     _AdcbRegs

00007500     1d4 (00007500)     _AdccRegs

00007580     1d6 (00007580)     _AdcdRegs

00007900     1e4 (00007900)     _InputXbarRegs
00007920     1e4 (00007900)     _XbarRegs

00007940     1e5 (00007940)     _SyncSocRegs

00007980     1e6 (00007980)     _DmaClaSrcSelRegs

00007a00     1e8 (00007a00)     _EPwmXbarRegs

00007a40     1e9 (00007a40)     _ClbXbarRegs

00007a80     1ea (00007a80)     _OutputXbarRegs

00007c00     1f0 (00007c00)     _GpioCtrlRegs

00007f00     1fc (00007f00)     _GpioDataRegs

00017000     5c0 (00017000)     _PieVectTableInit

000171ca     5c7 (000171c0)     _CpuTimer0
000171d2     5c7 (000171c0)     _CpuTimer1
000171da     5c7 (000171c0)     _CpuTimer2
000171e2     5c7 (000171c0)     _TxCANMsgObj
000171ec     5c7 (000171c0)     _RxCANMsgObj
000171f6     5c7 (000171c0)     _RxCANMsg
000171fe     5c7 (000171c0)     __lock

00017200     5c8 (00017200)     _TxCANMsg
00017208     5c8 (00017200)     ___TI_enable_exit_profile_output
0001720a     5c8 (00017200)     ___TI_cleanup_ptr
0001720c     5c8 (00017200)     ___TI_dtors_ptr
0001720e     5c8 (00017200)     __unlock

00047000    11c0 (00047000)     _Emif1Regs

00047800    11e0 (00047800)     _Emif2Regs

00048000    1200 (00048000)     _CanaRegs

0004a000    1280 (0004a000)     _CanbRegs

00050000    1400 (00050000)     _IpcRegs
00050024    1400 (00050000)     _FlashPumpSemaphoreRegs

0005d000    1740 (0005d000)     _DevCfgRegs

0005d180    1746 (0005d180)     _AnalogSubsysRegs

0005d200    1748 (0005d200)     _ClkCfgRegs

0005d300    174c (0005d300)     _CpuSysRegs

0005e608    1798 (0005e600)     _RomPrefetchRegs

0005f000    17c0 (0005f000)     _DcsmZ1Regs

0005f040    17c1 (0005f040)     _DcsmZ2Regs
0005f070    17c1 (0005f040)     _DcsmCommonRegs

0005f400    17d0 (0005f400)     _MemCfgRegs

0005f480    17d2 (0005f480)     _Emif1ConfigRegs
0005f4a0    17d2 (0005f480)     _Emif2ConfigRegs

0005f4c0    17d3 (0005f4c0)     _AccessProtectionRegs

0005f500    17d4 (0005f500)     _MemoryErrorRegs

0005f540    17d5 (0005f540)     _RomWaitStateRegs

0005f800    17e0 (0005f800)     _Flash0CtrlRegs

0005fb00    17ec (0005fb00)     _Flash0EccRegs


GLOBAL SYMBOLS: SORTED ALPHABETICALLY BY Name 

page  address   name                                  
----  -------   ----                                  
1     0000e000  .text                                 
1     0000f9bd  C$$EXIT                               
1     0000e0be  _ADCA1_ISR                            
1     0000e33e  _ADCA2_ISR                            
1     0000e348  _ADCA3_ISR                            
1     0000e352  _ADCA4_ISR                            
1     0000e334  _ADCA_EVT_ISR                         
1     0000e0c8  _ADCB1_ISR                            
1     0000e366  _ADCB2_ISR                            
1     0000e370  _ADCB3_ISR                            
1     0000e37a  _ADCB4_ISR                            
1     0000e35c  _ADCB_EVT_ISR                         
1     0000e0d2  _ADCC1_ISR                            
1     0000e4ce  _ADCC2_ISR                            
1     0000e4d8  _ADCC3_ISR                            
1     0000e4e2  _ADCC4_ISR                            
1     0000e4c4  _ADCC_EVT_ISR                         
1     0000e0f0  _ADCD1_ISR                            
1     0000e4f6  _ADCD2_ISR                            
1     0000e500  _ADCD3_ISR                            
1     0000e50a  _ADCD4_ISR                            
1     0000e4ec  _ADCD_EVT_ISR                         
1     0000e546  _AUX_PLL_SLIP_ISR                     
1     0005f4c0  _AccessProtectionRegs                 
1     0000f7c4  _AdcSetMode                           
1     00007400  _AdcaRegs                             
1     00000b00  _AdcaResultRegs                       
1     00007480  _AdcbRegs                             
1     00000b20  _AdcbResultRegs                       
1     00007500  _AdccRegs                             
1     00000b40  _AdccResultRegs                       
1     00007580  _AdcdRegs                             
1     00000b60  _AdcdResultRegs                       
1     0005d180  _AnalogSubsysRegs                     
1     0000eee0  _AuxAuxClkSel                         
1     0000eeca  _AuxIntOsc2Sel                        
1     0000eed4  _AuxXtalOscSel                        
1     0000e30c  _CANA0_ISR                            
1     0000e316  _CANA1_ISR                            
1     0000e320  _CANB0_ISR                            
1     0000e32a  _CANB1_ISR                            
1     0000e706  _CANBitRateSet                        
1     0000e6db  _CANBitTimingGet                      
1     0000e773  _CANBitTimingSet                      
1     0000e6b4  _CANClkSourceSelect                   
1     0000e6ac  _CANDisable                           
1     0000e6a3  _CANEnable                            
1     0000e87d  _CANErrCntrGet                        
1     0000ea91  _CANGlobalIntClear                    
1     0000ea87  _CANGlobalIntDisable                  
1     0000ea7e  _CANGlobalIntEnable                   
1     0000ea9a  _CANGlobalIntstatusGet                
1     0000e5f6  _CANInit                              
1     0000e811  _CANIntClear                          
1     0000e7e7  _CANIntDisable                        
1     0000e7d9  _CANIntEnable                         
1     0000e7bc  _CANIntRegister                       
1     0000e7f7  _CANIntStatus                         
1     0000e7cc  _CANIntUnregister                     
1     0000ea58  _CANMessageClear                      
1     0000e984  _CANMessageGet                        
1     0000e898  _CANMessageSet                        
1     0000e84b  _CANRetryGet                          
1     0000e83a  _CANRetrySet                          
1     0000e855  _CANStatusGet                         
1     0000e384  _CLA1_1_ISR                           
1     0000e38e  _CLA1_2_ISR                           
1     0000e398  _CLA1_3_ISR                           
1     0000e3a2  _CLA1_4_ISR                           
1     0000e3ac  _CLA1_5_ISR                           
1     0000e3b6  _CLA1_6_ISR                           
1     0000e3c0  _CLA1_7_ISR                           
1     0000e3ca  _CLA1_8_ISR                           
1     0000e550  _CLA_OVERFLOW_ISR                     
1     0000e55a  _CLA_UNDERFLOW_ISR                    
1     0000f87a  _CalAdcINL                            
1     00048000  _CanaRegs                             
1     0004a000  _CanbRegs                             
1     00001400  _Cla1Regs                             
1     00003200  _Clb1DataExchRegs                     
1     00003000  _Clb1LogicCfgRegs                     
1     00003100  _Clb1LogicCtrlRegs                    
1     00003600  _Clb2DataExchRegs                     
1     00003400  _Clb2LogicCfgRegs                     
1     00003500  _Clb2LogicCtrlRegs                    
1     00003a00  _Clb3DataExchRegs                     
1     00003800  _Clb3LogicCfgRegs                     
1     00003900  _Clb3LogicCtrlRegs                    
1     00003e00  _Clb4DataExchRegs                     
1     00003c00  _Clb4LogicCfgRegs                     
1     00003d00  _Clb4LogicCtrlRegs                    
1     00007a40  _ClbXbarRegs                          
1     0005d200  _ClkCfgRegs                           
1     00005c80  _Cmpss1Regs                           
1     00005ca0  _Cmpss2Regs                           
1     00005cc0  _Cmpss3Regs                           
1     00005ce0  _Cmpss4Regs                           
1     00005d00  _Cmpss5Regs                           
1     00005d20  _Cmpss6Regs                           
1     00005d40  _Cmpss7Regs                           
1     00005d60  _Cmpss8Regs                           
1     0000f8f5  _ConfigCpuTimer                       
1     0000ef34  _ConfigureTMXAnalogTrim               
1     0005d300  _CpuSysRegs                           
1     000171ca  _CpuTimer0                            
1     00000c00  _CpuTimer0Regs                        
1     000171d2  _CpuTimer1                            
1     00000c08  _CpuTimer1Regs                        
1     000171da  _CpuTimer2                            
1     00000c10  _CpuTimer2Regs                        
1     0000ee75  _CsmUnlock                            
1     0000e014  _DATALOG_ISR                          
1     0000e258  _DMA_CH1_ISR                          
1     0000e262  _DMA_CH2_ISR                          
1     0000e26c  _DMA_CH3_ISR                          
1     0000e276  _DMA_CH4_ISR                          
1     0000e280  _DMA_CH5_ISR                          
1     0000e28a  _DMA_CH6_ISR                          
1     00005c00  _DacaRegs                             
1     00005c10  _DacbRegs                             
1     00005c20  _DaccRegs                             
1     0005f070  _DcsmCommonRegs                       
1     0005f000  _DcsmZ1Regs                           
1     0005f040  _DcsmZ2Regs                           
1     0005d000  _DevCfgRegs                           
1     0000eb8a  _DisableDog                           
1     0000eb4b  _DisablePeripheralClocks              
1     00007980  _DmaClaSrcSelRegs                     
1     00001000  _DmaRegs                              
1     0000e1ae  _ECAP1_ISR                            
1     0000e1b8  _ECAP2_ISR                            
1     0000e1c2  _ECAP3_ISR                            
1     0000e1cc  _ECAP4_ISR                            
1     0000e1d6  _ECAP5_ISR                            
1     0000e1e0  _ECAP6_ISR                            
1     00005000  _ECap1Regs                            
1     00005020  _ECap2Regs                            
1     00005040  _ECap3Regs                            
1     00005060  _ECap4Regs                            
1     00005080  _ECap5Regs                            
1     000050a0  _ECap6Regs                            
1     0000e514  _EMIF_ERROR_ISR                       
1     0000e56e  _EMPTY_ISR                            
1     0000e028  _EMU_ISR                              
1     0000e46a  _EPWM10_ISR                           
1     0000e442  _EPWM10_TZ_ISR                        
1     0000e474  _EPWM11_ISR                           
1     0000e44c  _EPWM11_TZ_ISR                        
1     0000e47e  _EPWM12_ISR                           
1     0000e456  _EPWM12_TZ_ISR                        
1     0000e15e  _EPWM1_ISR                            
1     0000e10e  _EPWM1_TZ_ISR                         
1     0000e168  _EPWM2_ISR                            
1     0000e118  _EPWM2_TZ_ISR                         
1     0000e172  _EPWM3_ISR                            
1     0000e122  _EPWM3_TZ_ISR                         
1     0000e17c  _EPWM4_ISR                            
1     0000e12c  _EPWM4_TZ_ISR                         
1     0000e186  _EPWM5_ISR                            
1     0000e136  _EPWM5_TZ_ISR                         
1     0000e190  _EPWM6_ISR                            
1     0000e140  _EPWM6_TZ_ISR                         
1     0000e19a  _EPWM7_ISR                            
1     0000e14a  _EPWM7_TZ_ISR                         
1     0000e1a4  _EPWM8_ISR                            
1     0000e154  _EPWM8_TZ_ISR                         
1     0000e460  _EPWM9_ISR                            
1     0000e438  _EPWM9_TZ_ISR                         
1     00004900  _EPwm10Regs                           
1     00004a00  _EPwm11Regs                           
1     00004b00  _EPwm12Regs                           
1     00004000  _EPwm1Regs                            
1     00004100  _EPwm2Regs                            
1     00004200  _EPwm3Regs                            
1     00004300  _EPwm4Regs                            
1     00004400  _EPwm5Regs                            
1     00004500  _EPwm6Regs                            
1     00004600  _EPwm7Regs                            
1     00004700  _EPwm8Regs                            
1     00004800  _EPwm9Regs                            
1     00007a00  _EPwmXbarRegs                         
1     0000e1ea  _EQEP1_ISR                            
1     0000e1f4  _EQEP2_ISR                            
1     0000e1fe  _EQEP3_ISR                            
1     00005100  _EQep1Regs                            
1     00005140  _EQep2Regs                            
1     00005180  _EQep3Regs                            
1     0005f480  _Emif1ConfigRegs                      
1     00047000  _Emif1Regs                            
1     0005f4a0  _Emif2ConfigRegs                      
1     00047800  _Emif2Regs                            
1     0000fa05  _EnableInterrupts                     
0     00000148  _F28x_usDelay                         
1     0000e528  _FLASH_CORRECTABLE_ERROR_ISR          
1     0000e3fc  _FPU_OVERFLOW_ISR                     
1     0000e406  _FPU_UNDERFLOW_ISR                    
1     0005f800  _Flash0CtrlRegs                       
1     0005fb00  _Flash0EccRegs                        
1     00050024  _FlashPumpSemaphoreRegs               
1     0000f5af  _GPIO_EnableUnbondedIOPullups         
1     0000f58a  _GPIO_EnableUnbondedIOPullupsFor100Pin
1     0000f571  _GPIO_EnableUnbondedIOPullupsFor176Pin
1     0000f5c5  _GPIO_ReadPin                         
1     0000f516  _GPIO_SetupLock                       
1     0000f3f6  _GPIO_SetupPinMux                     
1     0000f482  _GPIO_SetupPinOptions                 
1     0000f53f  _GPIO_SetupXINT1Gpio                  
1     0000f549  _GPIO_SetupXINT2Gpio                  
1     0000f553  _GPIO_SetupXINT3Gpio                  
1     0000f55d  _GPIO_SetupXINT4Gpio                  
1     0000f567  _GPIO_SetupXINT5Gpio                  
1     0000f5dc  _GPIO_WritePin                        
1     00007c00  _GpioCtrlRegs                         
1     00007f00  _GpioDataRegs                         
1     0000eefe  _HALT                                 
1     0000ef17  _HIB                                  
1     0000e29e  _I2CA_FIFO_ISR                        
1     0000e294  _I2CA_ISR                             
1     0000e2b2  _I2CB_FIFO_ISR                        
1     0000e2a8  _I2CB_ISR                             
1     00007300  _I2caRegs                             
1     00007340  _I2cbRegs                             
1     0000eeea  _IDLE                                 
1     0000e03c  _ILLEGAL_ISR                          
1     0000e410  _IPC0_ISR                             
1     0000e41a  _IPC1_ISR                             
1     0000e424  _IPC2_ISR                             
1     0000e42e  _IPC3_ISR                             
1     0000ed86  _InitAuxPll                           
1     0000f8b4  _InitCpuTimers                        
1     0000f3b6  _InitGpio                             
1     0000eac7  _InitPeripheralClocks                 
1     0000f9e6  _InitPieCtrl                          
1     0000fa0e  _InitPieVectTable                     
1     0000eaa7  _InitSysCtrl                          
1     0000eb98  _InitSysPll                           
1     00007900  _InputXbarRegs                        
1     0000faad  _IntDefaultHandler                    
1     0000f6c5  _IntDisable                           
1     0000f632  _IntEnable                            
1     0000f745  _IntIFRClear                          
1     0000f602  _IntMasterDisable                     
1     0000f5fa  _IntMasterEnable                      
1     0000f60a  _IntRegister                          
1     0000f61d  _IntUnregister                        
1     00050000  _IpcRegs                              
1     0000e230  _MCBSPA_RX_ISR                        
1     0000e23a  _MCBSPA_TX_ISR                        
1     0000e244  _MCBSPB_RX_ISR                        
1     0000e24e  _MCBSPB_TX_ISR                        
1     00006000  _McbspaRegs                           
1     00006040  _McbspbRegs                           
1     0005f400  _MemCfgRegs                           
1     0005f500  _MemoryErrorRegs                      
1     0000e032  _NMI_ISR                              
1     0000e57b  _NOTUSED_ISR                          
1     00007060  _NmiIntruptRegs                       
1     00007a80  _OutputXbarRegs                       
1     0000e564  _PIE_RESERVED_ISR                     
1     00000ce0  _PieCtrlRegs                          
1     00000d00  _PieVectTable                         
1     00017000  _PieVectTableInit                     
1     0000e532  _RAM_ACCESS_VIOLATION_ISR             
1     0000e51e  _RAM_CORRECTABLE_ERROR_ISR            
1     0000e01e  _RTOS_ISR                             
1     0000eb72  _ReleaseFlashPump                     
1     0005e608  _RomPrefetchRegs                      
1     0005f540  _RomWaitStateRegs                     
1     000171f6  _RxCANMsg                             
1     000171ec  _RxCANMsgObj                          
1     0000e2e4  _SCIA_RX_ISR                          
1     0000e2ee  _SCIA_TX_ISR                          
1     0000e2f8  _SCIB_RX_ISR                          
1     0000e302  _SCIB_TX_ISR                          
1     0000e2bc  _SCIC_RX_ISR                          
1     0000e2c6  _SCIC_TX_ISR                          
1     0000e2d0  _SCID_RX_ISR                          
1     0000e2da  _SCID_TX_ISR                          
1     0000e488  _SD1_ISR                              
1     0000e492  _SD2_ISR                              
1     0000e208  _SPIA_RX_ISR                          
1     0000e212  _SPIA_TX_ISR                          
1     0000e21c  _SPIB_RX_ISR                          
1     0000e226  _SPIB_TX_ISR                          
1     0000e49c  _SPIC_RX_ISR                          
1     0000e4a6  _SPIC_TX_ISR                          
1     0000eef3  _STANDBY                              
1     0000e53c  _SYS_PLL_SLIP_ISR                     
1     00007200  _SciaRegs                             
1     00007210  _ScibRegs                             
1     00007220  _ScicRegs                             
1     00007230  _ScidRegs                             
1     00005e00  _Sdfm1Regs                            
1     00005e80  _Sdfm2Regs                            
1     0000eb63  _SeizeFlashPump                       
1     0000eb7c  _ServiceDog                           
1     0000f35a  _Setup_CAN                            
1     0000f341  _Setup_UART                           
1     00006100  _SpiaRegs                             
1     00006110  _SpibRegs                             
1     00006120  _SpicRegs                             
1     00007940  _SyncSocRegs                          
1     0000ee96  _SysIntOsc1Sel                        
1     0000eea6  _SysIntOsc2Sel                        
1     0000eeba  _SysXtalOscSel                        
1     0000e0fa  _TIMER0_ISR                           
1     0000e000  _TIMER1_ISR                           
1     0000e00a  _TIMER2_ISR                           
1     00017200  _TxCANMsg                             
1     000171e2  _TxCANMsgObj                          
1     0000e4b0  _UPPA_ISR                             
1     0000e4ba  _USBA_ISR                             
1     0000e0a0  _USER10_ISR                           
1     0000e0aa  _USER11_ISR                           
1     0000e0b4  _USER12_ISR                           
1     0000e046  _USER1_ISR                            
1     0000e050  _USER2_ISR                            
1     0000e05a  _USER3_ISR                            
1     0000e064  _USER4_ISR                            
1     0000e06e  _USER5_ISR                            
1     0000e078  _USER6_ISR                            
1     0000e082  _USER7_ISR                            
1     0000e08c  _USER8_ISR                            
1     0000e096  _USER9_ISR                            
1     00006200  _UppRegs                              
1     0000e3f2  _VCU_ISR                              
1     0000e104  _WAKE_ISR                             
1     00007000  _WdRegs                               
1     0000e0dc  _XINT1_ISR                            
1     0000e0e6  _XINT2_ISR                            
1     0000e3d4  _XINT3_ISR                            
1     0000e3de  _XINT4_ISR                            
1     0000e3e8  _XINT5_ISR                            
1     00007920  _XbarRegs                             
1     00007070  _XintRegs                             
1     00000600  __STACK_END                           
abs   00000200  __STACK_SIZE                          
1     0001720a  ___TI_cleanup_ptr                     
1     0001720c  ___TI_dtors_ptr                       
1     00017208  ___TI_enable_exit_profile_output      
abs   ffffffff  ___TI_pprof_out_hndl                  
abs   ffffffff  ___TI_prof_data_size                  
abs   ffffffff  ___TI_prof_data_start                 
abs   ffffffff  ___binit__                            
abs   ffffffff  ___c_args__                           
0     00000123  ___cinit__                            
1     0000fad0  ___etext__                            
abs   ffffffff  ___pinit__                            
1     0000e000  ___text__                             
1     0000fa9b  __args_main                           
1     000171fe  __lock                                
1     0000fac4  __nop                                 
1     0000fac0  __register_lock                       
1     0000fabc  __register_unlock                     
1     00000400  __stack                               
1     0000facf  __system_post_cinit                   
1     0000facd  __system_pre_init                     
1     0001720e  __unlock                              
1     0000f9bd  _abort                                
1     0000f930  _c_int00                              
1     0000fa5a  _copy_in                              
1     0000f9bf  _exit                                 
1     0000fa45  _isr_adc                              
1     0000fa34  _isr_cpu_timer0                       
1     0000f986  _main                                 
1     0000fa7e  _memcpy                               
1     0000f207  _setup_ADC_A                          
1     0000f2a5  _setup_ADC_B                          
1     0000ef51  _setup_GPIO                           
1     0000eff3  _setup_ePWM                           
abs   ffffffff  binit                                 
0     00000123  cinit                                 
0     00000000  code_start                            
1     0000fad0  etext                                 
abs   ffffffff  pinit                                 


GLOBAL SYMBOLS: SORTED BY Symbol Address 

page  address   name                                  
----  -------   ----                                  
0     00000000  code_start                            
0     00000123  ___cinit__                            
0     00000123  cinit                                 
0     00000148  _F28x_usDelay                         
1     00000400  __stack                               
1     00000600  __STACK_END                           
1     00000b00  _AdcaResultRegs                       
1     00000b20  _AdcbResultRegs                       
1     00000b40  _AdccResultRegs                       
1     00000b60  _AdcdResultRegs                       
1     00000c00  _CpuTimer0Regs                        
1     00000c08  _CpuTimer1Regs                        
1     00000c10  _CpuTimer2Regs                        
1     00000ce0  _PieCtrlRegs                          
1     00000d00  _PieVectTable                         
1     00001000  _DmaRegs                              
1     00001400  _Cla1Regs                             
1     00003000  _Clb1LogicCfgRegs                     
1     00003100  _Clb1LogicCtrlRegs                    
1     00003200  _Clb1DataExchRegs                     
1     00003400  _Clb2LogicCfgRegs                     
1     00003500  _Clb2LogicCtrlRegs                    
1     00003600  _Clb2DataExchRegs                     
1     00003800  _Clb3LogicCfgRegs                     
1     00003900  _Clb3LogicCtrlRegs                    
1     00003a00  _Clb3DataExchRegs                     
1     00003c00  _Clb4LogicCfgRegs                     
1     00003d00  _Clb4LogicCtrlRegs                    
1     00003e00  _Clb4DataExchRegs                     
1     00004000  _EPwm1Regs                            
1     00004100  _EPwm2Regs                            
1     00004200  _EPwm3Regs                            
1     00004300  _EPwm4Regs                            
1     00004400  _EPwm5Regs                            
1     00004500  _EPwm6Regs                            
1     00004600  _EPwm7Regs                            
1     00004700  _EPwm8Regs                            
1     00004800  _EPwm9Regs                            
1     00004900  _EPwm10Regs                           
1     00004a00  _EPwm11Regs                           
1     00004b00  _EPwm12Regs                           
1     00005000  _ECap1Regs                            
1     00005020  _ECap2Regs                            
1     00005040  _ECap3Regs                            
1     00005060  _ECap4Regs                            
1     00005080  _ECap5Regs                            
1     000050a0  _ECap6Regs                            
1     00005100  _EQep1Regs                            
1     00005140  _EQep2Regs                            
1     00005180  _EQep3Regs                            
1     00005c00  _DacaRegs                             
1     00005c10  _DacbRegs                             
1     00005c20  _DaccRegs                             
1     00005c80  _Cmpss1Regs                           
1     00005ca0  _Cmpss2Regs                           
1     00005cc0  _Cmpss3Regs                           
1     00005ce0  _Cmpss4Regs                           
1     00005d00  _Cmpss5Regs                           
1     00005d20  _Cmpss6Regs                           
1     00005d40  _Cmpss7Regs                           
1     00005d60  _Cmpss8Regs                           
1     00005e00  _Sdfm1Regs                            
1     00005e80  _Sdfm2Regs                            
1     00006000  _McbspaRegs                           
1     00006040  _McbspbRegs                           
1     00006100  _SpiaRegs                             
1     00006110  _SpibRegs                             
1     00006120  _SpicRegs                             
1     00006200  _UppRegs                              
1     00007000  _WdRegs                               
1     00007060  _NmiIntruptRegs                       
1     00007070  _XintRegs                             
1     00007200  _SciaRegs                             
1     00007210  _ScibRegs                             
1     00007220  _ScicRegs                             
1     00007230  _ScidRegs                             
1     00007300  _I2caRegs                             
1     00007340  _I2cbRegs                             
1     00007400  _AdcaRegs                             
1     00007480  _AdcbRegs                             
1     00007500  _AdccRegs                             
1     00007580  _AdcdRegs                             
1     00007900  _InputXbarRegs                        
1     00007920  _XbarRegs                             
1     00007940  _SyncSocRegs                          
1     00007980  _DmaClaSrcSelRegs                     
1     00007a00  _EPwmXbarRegs                         
1     00007a40  _ClbXbarRegs                          
1     00007a80  _OutputXbarRegs                       
1     00007c00  _GpioCtrlRegs                         
1     00007f00  _GpioDataRegs                         
1     0000e000  .text                                 
1     0000e000  _TIMER1_ISR                           
1     0000e000  ___text__                             
1     0000e00a  _TIMER2_ISR                           
1     0000e014  _DATALOG_ISR                          
1     0000e01e  _RTOS_ISR                             
1     0000e028  _EMU_ISR                              
1     0000e032  _NMI_ISR                              
1     0000e03c  _ILLEGAL_ISR                          
1     0000e046  _USER1_ISR                            
1     0000e050  _USER2_ISR                            
1     0000e05a  _USER3_ISR                            
1     0000e064  _USER4_ISR                            
1     0000e06e  _USER5_ISR                            
1     0000e078  _USER6_ISR                            
1     0000e082  _USER7_ISR                            
1     0000e08c  _USER8_ISR                            
1     0000e096  _USER9_ISR                            
1     0000e0a0  _USER10_ISR                           
1     0000e0aa  _USER11_ISR                           
1     0000e0b4  _USER12_ISR                           
1     0000e0be  _ADCA1_ISR                            
1     0000e0c8  _ADCB1_ISR                            
1     0000e0d2  _ADCC1_ISR                            
1     0000e0dc  _XINT1_ISR                            
1     0000e0e6  _XINT2_ISR                            
1     0000e0f0  _ADCD1_ISR                            
1     0000e0fa  _TIMER0_ISR                           
1     0000e104  _WAKE_ISR                             
1     0000e10e  _EPWM1_TZ_ISR                         
1     0000e118  _EPWM2_TZ_ISR                         
1     0000e122  _EPWM3_TZ_ISR                         
1     0000e12c  _EPWM4_TZ_ISR                         
1     0000e136  _EPWM5_TZ_ISR                         
1     0000e140  _EPWM6_TZ_ISR                         
1     0000e14a  _EPWM7_TZ_ISR                         
1     0000e154  _EPWM8_TZ_ISR                         
1     0000e15e  _EPWM1_ISR                            
1     0000e168  _EPWM2_ISR                            
1     0000e172  _EPWM3_ISR                            
1     0000e17c  _EPWM4_ISR                            
1     0000e186  _EPWM5_ISR                            
1     0000e190  _EPWM6_ISR                            
1     0000e19a  _EPWM7_ISR                            
1     0000e1a4  _EPWM8_ISR                            
1     0000e1ae  _ECAP1_ISR                            
1     0000e1b8  _ECAP2_ISR                            
1     0000e1c2  _ECAP3_ISR                            
1     0000e1cc  _ECAP4_ISR                            
1     0000e1d6  _ECAP5_ISR                            
1     0000e1e0  _ECAP6_ISR                            
1     0000e1ea  _EQEP1_ISR                            
1     0000e1f4  _EQEP2_ISR                            
1     0000e1fe  _EQEP3_ISR                            
1     0000e208  _SPIA_RX_ISR                          
1     0000e212  _SPIA_TX_ISR                          
1     0000e21c  _SPIB_RX_ISR                          
1     0000e226  _SPIB_TX_ISR                          
1     0000e230  _MCBSPA_RX_ISR                        
1     0000e23a  _MCBSPA_TX_ISR                        
1     0000e244  _MCBSPB_RX_ISR                        
1     0000e24e  _MCBSPB_TX_ISR                        
1     0000e258  _DMA_CH1_ISR                          
1     0000e262  _DMA_CH2_ISR                          
1     0000e26c  _DMA_CH3_ISR                          
1     0000e276  _DMA_CH4_ISR                          
1     0000e280  _DMA_CH5_ISR                          
1     0000e28a  _DMA_CH6_ISR                          
1     0000e294  _I2CA_ISR                             
1     0000e29e  _I2CA_FIFO_ISR                        
1     0000e2a8  _I2CB_ISR                             
1     0000e2b2  _I2CB_FIFO_ISR                        
1     0000e2bc  _SCIC_RX_ISR                          
1     0000e2c6  _SCIC_TX_ISR                          
1     0000e2d0  _SCID_RX_ISR                          
1     0000e2da  _SCID_TX_ISR                          
1     0000e2e4  _SCIA_RX_ISR                          
1     0000e2ee  _SCIA_TX_ISR                          
1     0000e2f8  _SCIB_RX_ISR                          
1     0000e302  _SCIB_TX_ISR                          
1     0000e30c  _CANA0_ISR                            
1     0000e316  _CANA1_ISR                            
1     0000e320  _CANB0_ISR                            
1     0000e32a  _CANB1_ISR                            
1     0000e334  _ADCA_EVT_ISR                         
1     0000e33e  _ADCA2_ISR                            
1     0000e348  _ADCA3_ISR                            
1     0000e352  _ADCA4_ISR                            
1     0000e35c  _ADCB_EVT_ISR                         
1     0000e366  _ADCB2_ISR                            
1     0000e370  _ADCB3_ISR                            
1     0000e37a  _ADCB4_ISR                            
1     0000e384  _CLA1_1_ISR                           
1     0000e38e  _CLA1_2_ISR                           
1     0000e398  _CLA1_3_ISR                           
1     0000e3a2  _CLA1_4_ISR                           
1     0000e3ac  _CLA1_5_ISR                           
1     0000e3b6  _CLA1_6_ISR                           
1     0000e3c0  _CLA1_7_ISR                           
1     0000e3ca  _CLA1_8_ISR                           
1     0000e3d4  _XINT3_ISR                            
1     0000e3de  _XINT4_ISR                            
1     0000e3e8  _XINT5_ISR                            
1     0000e3f2  _VCU_ISR                              
1     0000e3fc  _FPU_OVERFLOW_ISR                     
1     0000e406  _FPU_UNDERFLOW_ISR                    
1     0000e410  _IPC0_ISR                             
1     0000e41a  _IPC1_ISR                             
1     0000e424  _IPC2_ISR                             
1     0000e42e  _IPC3_ISR                             
1     0000e438  _EPWM9_TZ_ISR                         
1     0000e442  _EPWM10_TZ_ISR                        
1     0000e44c  _EPWM11_TZ_ISR                        
1     0000e456  _EPWM12_TZ_ISR                        
1     0000e460  _EPWM9_ISR                            
1     0000e46a  _EPWM10_ISR                           
1     0000e474  _EPWM11_ISR                           
1     0000e47e  _EPWM12_ISR                           
1     0000e488  _SD1_ISR                              
1     0000e492  _SD2_ISR                              
1     0000e49c  _SPIC_RX_ISR                          
1     0000e4a6  _SPIC_TX_ISR                          
1     0000e4b0  _UPPA_ISR                             
1     0000e4ba  _USBA_ISR                             
1     0000e4c4  _ADCC_EVT_ISR                         
1     0000e4ce  _ADCC2_ISR                            
1     0000e4d8  _ADCC3_ISR                            
1     0000e4e2  _ADCC4_ISR                            
1     0000e4ec  _ADCD_EVT_ISR                         
1     0000e4f6  _ADCD2_ISR                            
1     0000e500  _ADCD3_ISR                            
1     0000e50a  _ADCD4_ISR                            
1     0000e514  _EMIF_ERROR_ISR                       
1     0000e51e  _RAM_CORRECTABLE_ERROR_ISR            
1     0000e528  _FLASH_CORRECTABLE_ERROR_ISR          
1     0000e532  _RAM_ACCESS_VIOLATION_ISR             
1     0000e53c  _SYS_PLL_SLIP_ISR                     
1     0000e546  _AUX_PLL_SLIP_ISR                     
1     0000e550  _CLA_OVERFLOW_ISR                     
1     0000e55a  _CLA_UNDERFLOW_ISR                    
1     0000e564  _PIE_RESERVED_ISR                     
1     0000e56e  _EMPTY_ISR                            
1     0000e57b  _NOTUSED_ISR                          
1     0000e5f6  _CANInit                              
1     0000e6a3  _CANEnable                            
1     0000e6ac  _CANDisable                           
1     0000e6b4  _CANClkSourceSelect                   
1     0000e6db  _CANBitTimingGet                      
1     0000e706  _CANBitRateSet                        
1     0000e773  _CANBitTimingSet                      
1     0000e7bc  _CANIntRegister                       
1     0000e7cc  _CANIntUnregister                     
1     0000e7d9  _CANIntEnable                         
1     0000e7e7  _CANIntDisable                        
1     0000e7f7  _CANIntStatus                         
1     0000e811  _CANIntClear                          
1     0000e83a  _CANRetrySet                          
1     0000e84b  _CANRetryGet                          
1     0000e855  _CANStatusGet                         
1     0000e87d  _CANErrCntrGet                        
1     0000e898  _CANMessageSet                        
1     0000e984  _CANMessageGet                        
1     0000ea58  _CANMessageClear                      
1     0000ea7e  _CANGlobalIntEnable                   
1     0000ea87  _CANGlobalIntDisable                  
1     0000ea91  _CANGlobalIntClear                    
1     0000ea9a  _CANGlobalIntstatusGet                
1     0000eaa7  _InitSysCtrl                          
1     0000eac7  _InitPeripheralClocks                 
1     0000eb4b  _DisablePeripheralClocks              
1     0000eb63  _SeizeFlashPump                       
1     0000eb72  _ReleaseFlashPump                     
1     0000eb7c  _ServiceDog                           
1     0000eb8a  _DisableDog                           
1     0000eb98  _InitSysPll                           
1     0000ed86  _InitAuxPll                           
1     0000ee75  _CsmUnlock                            
1     0000ee96  _SysIntOsc1Sel                        
1     0000eea6  _SysIntOsc2Sel                        
1     0000eeba  _SysXtalOscSel                        
1     0000eeca  _AuxIntOsc2Sel                        
1     0000eed4  _AuxXtalOscSel                        
1     0000eee0  _AuxAuxClkSel                         
1     0000eeea  _IDLE                                 
1     0000eef3  _STANDBY                              
1     0000eefe  _HALT                                 
1     0000ef17  _HIB                                  
1     0000ef34  _ConfigureTMXAnalogTrim               
1     0000ef51  _setup_GPIO                           
1     0000eff3  _setup_ePWM                           
1     0000f207  _setup_ADC_A                          
1     0000f2a5  _setup_ADC_B                          
1     0000f341  _Setup_UART                           
1     0000f35a  _Setup_CAN                            
1     0000f3b6  _InitGpio                             
1     0000f3f6  _GPIO_SetupPinMux                     
1     0000f482  _GPIO_SetupPinOptions                 
1     0000f516  _GPIO_SetupLock                       
1     0000f53f  _GPIO_SetupXINT1Gpio                  
1     0000f549  _GPIO_SetupXINT2Gpio                  
1     0000f553  _GPIO_SetupXINT3Gpio                  
1     0000f55d  _GPIO_SetupXINT4Gpio                  
1     0000f567  _GPIO_SetupXINT5Gpio                  
1     0000f571  _GPIO_EnableUnbondedIOPullupsFor176Pin
1     0000f58a  _GPIO_EnableUnbondedIOPullupsFor100Pin
1     0000f5af  _GPIO_EnableUnbondedIOPullups         
1     0000f5c5  _GPIO_ReadPin                         
1     0000f5dc  _GPIO_WritePin                        
1     0000f5fa  _IntMasterEnable                      
1     0000f602  _IntMasterDisable                     
1     0000f60a  _IntRegister                          
1     0000f61d  _IntUnregister                        
1     0000f632  _IntEnable                            
1     0000f6c5  _IntDisable                           
1     0000f745  _IntIFRClear                          
1     0000f7c4  _AdcSetMode                           
1     0000f87a  _CalAdcINL                            
1     0000f8b4  _InitCpuTimers                        
1     0000f8f5  _ConfigCpuTimer                       
1     0000f930  _c_int00                              
1     0000f986  _main                                 
1     0000f9bd  C$$EXIT                               
1     0000f9bd  _abort                                
1     0000f9bf  _exit                                 
1     0000f9e6  _InitPieCtrl                          
1     0000fa05  _EnableInterrupts                     
1     0000fa0e  _InitPieVectTable                     
1     0000fa34  _isr_cpu_timer0                       
1     0000fa45  _isr_adc                              
1     0000fa5a  _copy_in                              
1     0000fa7e  _memcpy                               
1     0000fa9b  __args_main                           
1     0000faad  _IntDefaultHandler                    
1     0000fabc  __register_unlock                     
1     0000fac0  __register_lock                       
1     0000fac4  __nop                                 
1     0000facd  __system_pre_init                     
1     0000facf  __system_post_cinit                   
1     0000fad0  ___etext__                            
1     0000fad0  etext                                 
1     00017000  _PieVectTableInit                     
1     000171ca  _CpuTimer0                            
1     000171d2  _CpuTimer1                            
1     000171da  _CpuTimer2                            
1     000171e2  _TxCANMsgObj                          
1     000171ec  _RxCANMsgObj                          
1     000171f6  _RxCANMsg                             
1     000171fe  __lock                                
1     00017200  _TxCANMsg                             
1     00017208  ___TI_enable_exit_profile_output      
1     0001720a  ___TI_cleanup_ptr                     
1     0001720c  ___TI_dtors_ptr                       
1     0001720e  __unlock                              
1     00047000  _Emif1Regs                            
1     00047800  _Emif2Regs                            
1     00048000  _CanaRegs                             
1     0004a000  _CanbRegs                             
1     00050000  _IpcRegs                              
1     00050024  _FlashPumpSemaphoreRegs               
1     0005d000  _DevCfgRegs                           
1     0005d180  _AnalogSubsysRegs                     
1     0005d200  _ClkCfgRegs                           
1     0005d300  _CpuSysRegs                           
1     0005e608  _RomPrefetchRegs                      
1     0005f000  _DcsmZ1Regs                           
1     0005f040  _DcsmZ2Regs                           
1     0005f070  _DcsmCommonRegs                       
1     0005f400  _MemCfgRegs                           
1     0005f480  _Emif1ConfigRegs                      
1     0005f4a0  _Emif2ConfigRegs                      
1     0005f4c0  _AccessProtectionRegs                 
1     0005f500  _MemoryErrorRegs                      
1     0005f540  _RomWaitStateRegs                     
1     0005f800  _Flash0CtrlRegs                       
1     0005fb00  _Flash0EccRegs                        
abs   00000200  __STACK_SIZE                          
abs   ffffffff  ___TI_pprof_out_hndl                  
abs   ffffffff  ___TI_prof_data_size                  
abs   ffffffff  ___TI_prof_data_start                 
abs   ffffffff  ___binit__                            
abs   ffffffff  ___c_args__                           
abs   ffffffff  ___pinit__                            
abs   ffffffff  binit                                 
abs   ffffffff  pinit                                 

[375 symbols]
